<!doctype html public "-//w3c//dtd html 4.0 transitional//en">
<html><head>
<title>Static Call Graph - [.\Objects\_Lab0.axf]</title></head>
<body><HR>
<H1>Static Call Graph for image .\Objects\_Lab0.axf</H1><HR>
<BR><P>#&#060CALLGRAPH&#062# ARM Linker, 5060528: Last Updated: Fri Dec 16 09:05:54 2022
<BR><P>
<H3>Maximum Stack Usage =        140 bytes + Unknown(Functions without stacksize, Cycles, Untraceable Function Pointers)</H3><H3>
Call chain for Maximum Stack Depth:</H3>
__rt_entry_main &rArr; main &rArr; move_the_ball &rArr; hit_board_2 &rArr; show_bounce &rArr; EIE3810_TFTLCD_ShowString &rArr; EIE3810_TFTLCD_ShowChar2412
<P>
<H3>
Functions with no stack information
</H3><UL>
 <LI><a href="#[4d]">__user_initial_stackheap</a>
</UL>
</UL>
<P>
<H3>
Mutually Recursive functions
</H3> <LI><a href="#[1f]">ADC1_2_IRQHandler</a>&nbsp;&nbsp;&nbsp;&rArr;&nbsp;&nbsp;&nbsp;<a href="#[1f]">ADC1_2_IRQHandler</a><BR>
 <LI><a href="#[7]">BusFault_Handler</a>&nbsp;&nbsp;&nbsp;&rArr;&nbsp;&nbsp;&nbsp;<a href="#[7]">BusFault_Handler</a><BR>
 <LI><a href="#[5]">HardFault_Handler</a>&nbsp;&nbsp;&nbsp;&rArr;&nbsp;&nbsp;&nbsp;<a href="#[5]">HardFault_Handler</a><BR>
 <LI><a href="#[6]">MemManage_Handler</a>&nbsp;&nbsp;&nbsp;&rArr;&nbsp;&nbsp;&nbsp;<a href="#[6]">MemManage_Handler</a><BR>
 <LI><a href="#[8]">UsageFault_Handler</a>&nbsp;&nbsp;&nbsp;&rArr;&nbsp;&nbsp;&nbsp;<a href="#[8]">UsageFault_Handler</a><BR>
</UL>
<P>
<H3>
Function Pointers
</H3><UL>
 <LI><a href="#[1f]">ADC1_2_IRQHandler</a> from startup_stm32f10x_hd.o(.text) referenced from startup_stm32f10x_hd.o(RESET)
 <LI><a href="#[3c]">ADC3_IRQHandler</a> from startup_stm32f10x_hd.o(.text) referenced from startup_stm32f10x_hd.o(RESET)
 <LI><a href="#[7]">BusFault_Handler</a> from stm32f10x_it.o(i.BusFault_Handler) referenced from startup_stm32f10x_hd.o(RESET)
 <LI><a href="#[22]">CAN1_RX1_IRQHandler</a> from startup_stm32f10x_hd.o(.text) referenced from startup_stm32f10x_hd.o(RESET)
 <LI><a href="#[23]">CAN1_SCE_IRQHandler</a> from startup_stm32f10x_hd.o(.text) referenced from startup_stm32f10x_hd.o(RESET)
 <LI><a href="#[18]">DMA1_Channel1_IRQHandler</a> from startup_stm32f10x_hd.o(.text) referenced from startup_stm32f10x_hd.o(RESET)
 <LI><a href="#[19]">DMA1_Channel2_IRQHandler</a> from startup_stm32f10x_hd.o(.text) referenced from startup_stm32f10x_hd.o(RESET)
 <LI><a href="#[1a]">DMA1_Channel3_IRQHandler</a> from startup_stm32f10x_hd.o(.text) referenced from startup_stm32f10x_hd.o(RESET)
 <LI><a href="#[1b]">DMA1_Channel4_IRQHandler</a> from startup_stm32f10x_hd.o(.text) referenced from startup_stm32f10x_hd.o(RESET)
 <LI><a href="#[1c]">DMA1_Channel5_IRQHandler</a> from startup_stm32f10x_hd.o(.text) referenced from startup_stm32f10x_hd.o(RESET)
 <LI><a href="#[1d]">DMA1_Channel6_IRQHandler</a> from startup_stm32f10x_hd.o(.text) referenced from startup_stm32f10x_hd.o(RESET)
 <LI><a href="#[1e]">DMA1_Channel7_IRQHandler</a> from startup_stm32f10x_hd.o(.text) referenced from startup_stm32f10x_hd.o(RESET)
 <LI><a href="#[45]">DMA2_Channel1_IRQHandler</a> from startup_stm32f10x_hd.o(.text) referenced from startup_stm32f10x_hd.o(RESET)
 <LI><a href="#[46]">DMA2_Channel2_IRQHandler</a> from startup_stm32f10x_hd.o(.text) referenced from startup_stm32f10x_hd.o(RESET)
 <LI><a href="#[47]">DMA2_Channel3_IRQHandler</a> from startup_stm32f10x_hd.o(.text) referenced from startup_stm32f10x_hd.o(RESET)
 <LI><a href="#[48]">DMA2_Channel4_5_IRQHandler</a> from startup_stm32f10x_hd.o(.text) referenced from startup_stm32f10x_hd.o(RESET)
 <LI><a href="#[a]">DebugMon_Handler</a> from stm32f10x_it.o(i.DebugMon_Handler) referenced from startup_stm32f10x_hd.o(RESET)
 <LI><a href="#[13]">EXTI0_IRQHandler</a> from startup_stm32f10x_hd.o(.text) referenced from startup_stm32f10x_hd.o(RESET)
 <LI><a href="#[35]">EXTI15_10_IRQHandler</a> from startup_stm32f10x_hd.o(.text) referenced from startup_stm32f10x_hd.o(RESET)
 <LI><a href="#[14]">EXTI1_IRQHandler</a> from startup_stm32f10x_hd.o(.text) referenced from startup_stm32f10x_hd.o(RESET)
 <LI><a href="#[15]">EXTI2_IRQHandler</a> from startup_stm32f10x_hd.o(.text) referenced from startup_stm32f10x_hd.o(RESET)
 <LI><a href="#[16]">EXTI3_IRQHandler</a> from startup_stm32f10x_hd.o(.text) referenced from startup_stm32f10x_hd.o(RESET)
 <LI><a href="#[17]">EXTI4_IRQHandler</a> from startup_stm32f10x_hd.o(.text) referenced from startup_stm32f10x_hd.o(RESET)
 <LI><a href="#[24]">EXTI9_5_IRQHandler</a> from startup_stm32f10x_hd.o(.text) referenced from startup_stm32f10x_hd.o(RESET)
 <LI><a href="#[11]">FLASH_IRQHandler</a> from startup_stm32f10x_hd.o(.text) referenced from startup_stm32f10x_hd.o(RESET)
 <LI><a href="#[3d]">FSMC_IRQHandler</a> from startup_stm32f10x_hd.o(.text) referenced from startup_stm32f10x_hd.o(RESET)
 <LI><a href="#[5]">HardFault_Handler</a> from stm32f10x_it.o(i.HardFault_Handler) referenced from startup_stm32f10x_hd.o(RESET)
 <LI><a href="#[2d]">I2C1_ER_IRQHandler</a> from startup_stm32f10x_hd.o(.text) referenced from startup_stm32f10x_hd.o(RESET)
 <LI><a href="#[2c]">I2C1_EV_IRQHandler</a> from startup_stm32f10x_hd.o(.text) referenced from startup_stm32f10x_hd.o(RESET)
 <LI><a href="#[2f]">I2C2_ER_IRQHandler</a> from startup_stm32f10x_hd.o(.text) referenced from startup_stm32f10x_hd.o(RESET)
 <LI><a href="#[2e]">I2C2_EV_IRQHandler</a> from startup_stm32f10x_hd.o(.text) referenced from startup_stm32f10x_hd.o(RESET)
 <LI><a href="#[6]">MemManage_Handler</a> from stm32f10x_it.o(i.MemManage_Handler) referenced from startup_stm32f10x_hd.o(RESET)
 <LI><a href="#[4]">NMI_Handler</a> from stm32f10x_it.o(i.NMI_Handler) referenced from startup_stm32f10x_hd.o(RESET)
 <LI><a href="#[e]">PVD_IRQHandler</a> from startup_stm32f10x_hd.o(.text) referenced from startup_stm32f10x_hd.o(RESET)
 <LI><a href="#[b]">PendSV_Handler</a> from stm32f10x_it.o(i.PendSV_Handler) referenced from startup_stm32f10x_hd.o(RESET)
 <LI><a href="#[12]">RCC_IRQHandler</a> from startup_stm32f10x_hd.o(.text) referenced from startup_stm32f10x_hd.o(RESET)
 <LI><a href="#[36]">RTCAlarm_IRQHandler</a> from startup_stm32f10x_hd.o(.text) referenced from startup_stm32f10x_hd.o(RESET)
 <LI><a href="#[10]">RTC_IRQHandler</a> from startup_stm32f10x_hd.o(.text) referenced from startup_stm32f10x_hd.o(RESET)
 <LI><a href="#[4b]">Reset_Handler</a> from startup_stm32f10x_hd.o(.text) referenced from startup_stm32f10x_hd.o(RESET)
 <LI><a href="#[3e]">SDIO_IRQHandler</a> from startup_stm32f10x_hd.o(.text) referenced from startup_stm32f10x_hd.o(RESET)
 <LI><a href="#[30]">SPI1_IRQHandler</a> from startup_stm32f10x_hd.o(.text) referenced from startup_stm32f10x_hd.o(RESET)
 <LI><a href="#[31]">SPI2_IRQHandler</a> from startup_stm32f10x_hd.o(.text) referenced from startup_stm32f10x_hd.o(RESET)
 <LI><a href="#[40]">SPI3_IRQHandler</a> from startup_stm32f10x_hd.o(.text) referenced from startup_stm32f10x_hd.o(RESET)
 <LI><a href="#[9]">SVC_Handler</a> from stm32f10x_it.o(i.SVC_Handler) referenced from startup_stm32f10x_hd.o(RESET)
 <LI><a href="#[c]">SysTick_Handler</a> from stm32f10x_it.o(i.SysTick_Handler) referenced from startup_stm32f10x_hd.o(RESET)
 <LI><a href="#[49]">SystemInit</a> from system_stm32f10x.o(i.SystemInit) referenced from startup_stm32f10x_hd.o(.text)
 <LI><a href="#[f]">TAMPER_IRQHandler</a> from startup_stm32f10x_hd.o(.text) referenced from startup_stm32f10x_hd.o(RESET)
 <LI><a href="#[25]">TIM1_BRK_IRQHandler</a> from startup_stm32f10x_hd.o(.text) referenced from startup_stm32f10x_hd.o(RESET)
 <LI><a href="#[28]">TIM1_CC_IRQHandler</a> from startup_stm32f10x_hd.o(.text) referenced from startup_stm32f10x_hd.o(RESET)
 <LI><a href="#[27]">TIM1_TRG_COM_IRQHandler</a> from startup_stm32f10x_hd.o(.text) referenced from startup_stm32f10x_hd.o(RESET)
 <LI><a href="#[26]">TIM1_UP_IRQHandler</a> from startup_stm32f10x_hd.o(.text) referenced from startup_stm32f10x_hd.o(RESET)
 <LI><a href="#[29]">TIM2_IRQHandler</a> from startup_stm32f10x_hd.o(.text) referenced from startup_stm32f10x_hd.o(RESET)
 <LI><a href="#[2a]">TIM3_IRQHandler</a> from eie3810_timer.o(i.TIM3_IRQHandler) referenced from startup_stm32f10x_hd.o(RESET)
 <LI><a href="#[2b]">TIM4_IRQHandler</a> from eie3810_timer.o(i.TIM4_IRQHandler) referenced from startup_stm32f10x_hd.o(RESET)
 <LI><a href="#[3f]">TIM5_IRQHandler</a> from startup_stm32f10x_hd.o(.text) referenced from startup_stm32f10x_hd.o(RESET)
 <LI><a href="#[43]">TIM6_IRQHandler</a> from startup_stm32f10x_hd.o(.text) referenced from startup_stm32f10x_hd.o(RESET)
 <LI><a href="#[44]">TIM7_IRQHandler</a> from startup_stm32f10x_hd.o(.text) referenced from startup_stm32f10x_hd.o(RESET)
 <LI><a href="#[38]">TIM8_BRK_IRQHandler</a> from startup_stm32f10x_hd.o(.text) referenced from startup_stm32f10x_hd.o(RESET)
 <LI><a href="#[3b]">TIM8_CC_IRQHandler</a> from startup_stm32f10x_hd.o(.text) referenced from startup_stm32f10x_hd.o(RESET)
 <LI><a href="#[3a]">TIM8_TRG_COM_IRQHandler</a> from startup_stm32f10x_hd.o(.text) referenced from startup_stm32f10x_hd.o(RESET)
 <LI><a href="#[39]">TIM8_UP_IRQHandler</a> from startup_stm32f10x_hd.o(.text) referenced from startup_stm32f10x_hd.o(RESET)
 <LI><a href="#[41]">UART4_IRQHandler</a> from startup_stm32f10x_hd.o(.text) referenced from startup_stm32f10x_hd.o(RESET)
 <LI><a href="#[42]">UART5_IRQHandler</a> from startup_stm32f10x_hd.o(.text) referenced from startup_stm32f10x_hd.o(RESET)
 <LI><a href="#[32]">USART1_IRQHandler</a> from eie3810_core.o(i.USART1_IRQHandler) referenced from startup_stm32f10x_hd.o(RESET)
 <LI><a href="#[33]">USART2_IRQHandler</a> from startup_stm32f10x_hd.o(.text) referenced from startup_stm32f10x_hd.o(RESET)
 <LI><a href="#[34]">USART3_IRQHandler</a> from startup_stm32f10x_hd.o(.text) referenced from startup_stm32f10x_hd.o(RESET)
 <LI><a href="#[37]">USBWakeUp_IRQHandler</a> from startup_stm32f10x_hd.o(.text) referenced from startup_stm32f10x_hd.o(RESET)
 <LI><a href="#[20]">USB_HP_CAN1_TX_IRQHandler</a> from startup_stm32f10x_hd.o(.text) referenced from startup_stm32f10x_hd.o(RESET)
 <LI><a href="#[21]">USB_LP_CAN1_RX0_IRQHandler</a> from startup_stm32f10x_hd.o(.text) referenced from startup_stm32f10x_hd.o(RESET)
 <LI><a href="#[8]">UsageFault_Handler</a> from stm32f10x_it.o(i.UsageFault_Handler) referenced from startup_stm32f10x_hd.o(RESET)
 <LI><a href="#[d]">WWDG_IRQHandler</a> from startup_stm32f10x_hd.o(.text) referenced from startup_stm32f10x_hd.o(RESET)
 <LI><a href="#[4c]">__main</a> from __main.o(!!!main) referenced from startup_stm32f10x_hd.o(.text)
</UL>
<P>
<H3>
Global Symbols
</H3>
<P><STRONG><a name="[4c]"></a>__main</STRONG> (Thumb, 8 bytes, Stack size 0 bytes, __main.o(!!!main))
<BR><BR>[Calls]<UL><LI><a href="#[4e]">&gt;&gt;</a>&nbsp;&nbsp;&nbsp;__scatterload
<LI><a href="#[4f]">&gt;&gt;</a>&nbsp;&nbsp;&nbsp;__rt_entry
</UL>

<P><STRONG><a name="[4e]"></a>__scatterload</STRONG> (Thumb, 0 bytes, Stack size unknown bytes, __scatter.o(!!!scatter))
<BR><BR>[Called By]<UL><LI><a href="#[4c]">&gt;&gt;</a>&nbsp;&nbsp;&nbsp;__main
</UL>

<P><STRONG><a name="[50]"></a>__scatterload_rt2</STRONG> (Thumb, 44 bytes, Stack size unknown bytes, __scatter.o(!!!scatter), UNUSED)
<BR><BR>[Calls]<UL><LI><a href="#[4f]">&gt;&gt;</a>&nbsp;&nbsp;&nbsp;__rt_entry
</UL>

<P><STRONG><a name="[b1]"></a>__scatterload_rt2_thumb_only</STRONG> (Thumb, 0 bytes, Stack size unknown bytes, __scatter.o(!!!scatter), UNUSED)

<P><STRONG><a name="[b2]"></a>__scatterload_null</STRONG> (Thumb, 0 bytes, Stack size unknown bytes, __scatter.o(!!!scatter), UNUSED)

<P><STRONG><a name="[51]"></a>__scatterload_copy</STRONG> (Thumb, 26 bytes, Stack size unknown bytes, __scatter_copy.o(!!handler_copy), UNUSED)
<BR><BR>[Calls]<UL><LI><a href="#[51]">&gt;&gt;</a>&nbsp;&nbsp;&nbsp;__scatterload_copy
</UL>
<BR>[Called By]<UL><LI><a href="#[51]">&gt;&gt;</a>&nbsp;&nbsp;&nbsp;__scatterload_copy
</UL>

<P><STRONG><a name="[b3]"></a>__scatterload_zeroinit</STRONG> (Thumb, 28 bytes, Stack size unknown bytes, __scatter_zi.o(!!handler_zi), UNUSED)

<P><STRONG><a name="[55]"></a>__rt_lib_init</STRONG> (Thumb, 0 bytes, Stack size unknown bytes, libinit.o(.ARM.Collect$$libinit$$00000000))
<BR><BR>[Called By]<UL><LI><a href="#[54]">&gt;&gt;</a>&nbsp;&nbsp;&nbsp;__rt_entry_li
</UL>

<P><STRONG><a name="[b4]"></a>__rt_lib_init_alloca_1</STRONG> (Thumb, 0 bytes, Stack size unknown bytes, libinit2.o(.ARM.Collect$$libinit$$0000002E))

<P><STRONG><a name="[b5]"></a>__rt_lib_init_argv_1</STRONG> (Thumb, 0 bytes, Stack size unknown bytes, libinit2.o(.ARM.Collect$$libinit$$0000002C))

<P><STRONG><a name="[b6]"></a>__rt_lib_init_atexit_1</STRONG> (Thumb, 0 bytes, Stack size unknown bytes, libinit2.o(.ARM.Collect$$libinit$$0000001B))

<P><STRONG><a name="[b7]"></a>__rt_lib_init_clock_1</STRONG> (Thumb, 0 bytes, Stack size unknown bytes, libinit2.o(.ARM.Collect$$libinit$$00000021))

<P><STRONG><a name="[b8]"></a>__rt_lib_init_cpp_1</STRONG> (Thumb, 0 bytes, Stack size unknown bytes, libinit2.o(.ARM.Collect$$libinit$$00000032))

<P><STRONG><a name="[b9]"></a>__rt_lib_init_exceptions_1</STRONG> (Thumb, 0 bytes, Stack size unknown bytes, libinit2.o(.ARM.Collect$$libinit$$00000030))

<P><STRONG><a name="[ba]"></a>__rt_lib_init_fp_1</STRONG> (Thumb, 0 bytes, Stack size unknown bytes, libinit2.o(.ARM.Collect$$libinit$$00000002))

<P><STRONG><a name="[bb]"></a>__rt_lib_init_fp_trap_1</STRONG> (Thumb, 0 bytes, Stack size unknown bytes, libinit2.o(.ARM.Collect$$libinit$$0000001F))

<P><STRONG><a name="[bc]"></a>__rt_lib_init_getenv_1</STRONG> (Thumb, 0 bytes, Stack size unknown bytes, libinit2.o(.ARM.Collect$$libinit$$00000023))

<P><STRONG><a name="[bd]"></a>__rt_lib_init_heap_1</STRONG> (Thumb, 0 bytes, Stack size unknown bytes, libinit2.o(.ARM.Collect$$libinit$$0000000A))

<P><STRONG><a name="[be]"></a>__rt_lib_init_lc_collate_1</STRONG> (Thumb, 0 bytes, Stack size unknown bytes, libinit2.o(.ARM.Collect$$libinit$$00000011))

<P><STRONG><a name="[bf]"></a>__rt_lib_init_lc_ctype_1</STRONG> (Thumb, 0 bytes, Stack size unknown bytes, libinit2.o(.ARM.Collect$$libinit$$00000013))

<P><STRONG><a name="[c0]"></a>__rt_lib_init_lc_monetary_1</STRONG> (Thumb, 0 bytes, Stack size unknown bytes, libinit2.o(.ARM.Collect$$libinit$$00000015))

<P><STRONG><a name="[c1]"></a>__rt_lib_init_lc_numeric_1</STRONG> (Thumb, 0 bytes, Stack size unknown bytes, libinit2.o(.ARM.Collect$$libinit$$00000017))

<P><STRONG><a name="[c2]"></a>__rt_lib_init_lc_time_1</STRONG> (Thumb, 0 bytes, Stack size unknown bytes, libinit2.o(.ARM.Collect$$libinit$$00000019))

<P><STRONG><a name="[c3]"></a>__rt_lib_init_preinit_1</STRONG> (Thumb, 0 bytes, Stack size unknown bytes, libinit2.o(.ARM.Collect$$libinit$$00000004))

<P><STRONG><a name="[c4]"></a>__rt_lib_init_rand_1</STRONG> (Thumb, 0 bytes, Stack size unknown bytes, libinit2.o(.ARM.Collect$$libinit$$0000000E))

<P><STRONG><a name="[c5]"></a>__rt_lib_init_return</STRONG> (Thumb, 0 bytes, Stack size unknown bytes, libinit2.o(.ARM.Collect$$libinit$$00000033))

<P><STRONG><a name="[c6]"></a>__rt_lib_init_signal_1</STRONG> (Thumb, 0 bytes, Stack size unknown bytes, libinit2.o(.ARM.Collect$$libinit$$0000001D))

<P><STRONG><a name="[c7]"></a>__rt_lib_init_stdio_1</STRONG> (Thumb, 0 bytes, Stack size unknown bytes, libinit2.o(.ARM.Collect$$libinit$$00000025))

<P><STRONG><a name="[c8]"></a>__rt_lib_init_user_alloc_1</STRONG> (Thumb, 0 bytes, Stack size unknown bytes, libinit2.o(.ARM.Collect$$libinit$$0000000C))

<P><STRONG><a name="[5a]"></a>__rt_lib_shutdown</STRONG> (Thumb, 0 bytes, Stack size unknown bytes, libshutdown.o(.ARM.Collect$$libshutdown$$00000000))
<BR><BR>[Called By]<UL><LI><a href="#[59]">&gt;&gt;</a>&nbsp;&nbsp;&nbsp;__rt_exit_ls
</UL>

<P><STRONG><a name="[c9]"></a>__rt_lib_shutdown_cpp_1</STRONG> (Thumb, 0 bytes, Stack size unknown bytes, libshutdown2.o(.ARM.Collect$$libshutdown$$00000002))

<P><STRONG><a name="[ca]"></a>__rt_lib_shutdown_fp_trap_1</STRONG> (Thumb, 0 bytes, Stack size unknown bytes, libshutdown2.o(.ARM.Collect$$libshutdown$$00000007))

<P><STRONG><a name="[cb]"></a>__rt_lib_shutdown_heap_1</STRONG> (Thumb, 0 bytes, Stack size unknown bytes, libshutdown2.o(.ARM.Collect$$libshutdown$$0000000F))

<P><STRONG><a name="[cc]"></a>__rt_lib_shutdown_return</STRONG> (Thumb, 0 bytes, Stack size unknown bytes, libshutdown2.o(.ARM.Collect$$libshutdown$$00000010))

<P><STRONG><a name="[cd]"></a>__rt_lib_shutdown_signal_1</STRONG> (Thumb, 0 bytes, Stack size unknown bytes, libshutdown2.o(.ARM.Collect$$libshutdown$$0000000A))

<P><STRONG><a name="[ce]"></a>__rt_lib_shutdown_stdio_1</STRONG> (Thumb, 0 bytes, Stack size unknown bytes, libshutdown2.o(.ARM.Collect$$libshutdown$$00000004))

<P><STRONG><a name="[cf]"></a>__rt_lib_shutdown_user_alloc_1</STRONG> (Thumb, 0 bytes, Stack size unknown bytes, libshutdown2.o(.ARM.Collect$$libshutdown$$0000000C))

<P><STRONG><a name="[4f]"></a>__rt_entry</STRONG> (Thumb, 0 bytes, Stack size unknown bytes, __rtentry.o(.ARM.Collect$$rtentry$$00000000))
<BR><BR>[Called By]<UL><LI><a href="#[50]">&gt;&gt;</a>&nbsp;&nbsp;&nbsp;__scatterload_rt2
<LI><a href="#[4c]">&gt;&gt;</a>&nbsp;&nbsp;&nbsp;__main
</UL>

<P><STRONG><a name="[d0]"></a>__rt_entry_presh_1</STRONG> (Thumb, 0 bytes, Stack size unknown bytes, __rtentry2.o(.ARM.Collect$$rtentry$$00000002))

<P><STRONG><a name="[52]"></a>__rt_entry_sh</STRONG> (Thumb, 0 bytes, Stack size unknown bytes, __rtentry4.o(.ARM.Collect$$rtentry$$00000004))
<BR><BR>[Stack]<UL><LI>Max Depth = 8 + Unknown Stack Size
<LI>Call Chain = __rt_entry_sh &rArr; __user_setup_stackheap
</UL>
<BR>[Calls]<UL><LI><a href="#[53]">&gt;&gt;</a>&nbsp;&nbsp;&nbsp;__user_setup_stackheap
</UL>

<P><STRONG><a name="[54]"></a>__rt_entry_li</STRONG> (Thumb, 0 bytes, Stack size unknown bytes, __rtentry2.o(.ARM.Collect$$rtentry$$0000000A))
<BR><BR>[Calls]<UL><LI><a href="#[55]">&gt;&gt;</a>&nbsp;&nbsp;&nbsp;__rt_lib_init
</UL>

<P><STRONG><a name="[d1]"></a>__rt_entry_postsh_1</STRONG> (Thumb, 0 bytes, Stack size unknown bytes, __rtentry2.o(.ARM.Collect$$rtentry$$00000009))

<P><STRONG><a name="[56]"></a>__rt_entry_main</STRONG> (Thumb, 0 bytes, Stack size unknown bytes, __rtentry2.o(.ARM.Collect$$rtentry$$0000000D))
<BR><BR>[Stack]<UL><LI>Max Depth = 140 + Unknown Stack Size
<LI>Call Chain = __rt_entry_main &rArr; main &rArr; move_the_ball &rArr; hit_board_2 &rArr; show_bounce &rArr; EIE3810_TFTLCD_ShowString &rArr; EIE3810_TFTLCD_ShowChar2412
</UL>
<BR>[Calls]<UL><LI><a href="#[58]">&gt;&gt;</a>&nbsp;&nbsp;&nbsp;exit
<LI><a href="#[57]">&gt;&gt;</a>&nbsp;&nbsp;&nbsp;main
</UL>

<P><STRONG><a name="[d2]"></a>__rt_entry_postli_1</STRONG> (Thumb, 0 bytes, Stack size unknown bytes, __rtentry2.o(.ARM.Collect$$rtentry$$0000000C))

<P><STRONG><a name="[5e]"></a>__rt_exit</STRONG> (Thumb, 0 bytes, Stack size unknown bytes, rtexit.o(.ARM.Collect$$rtexit$$00000000))
<BR><BR>[Called By]<UL><LI><a href="#[58]">&gt;&gt;</a>&nbsp;&nbsp;&nbsp;exit
</UL>

<P><STRONG><a name="[59]"></a>__rt_exit_ls</STRONG> (Thumb, 0 bytes, Stack size unknown bytes, rtexit2.o(.ARM.Collect$$rtexit$$00000003))
<BR><BR>[Calls]<UL><LI><a href="#[5a]">&gt;&gt;</a>&nbsp;&nbsp;&nbsp;__rt_lib_shutdown
</UL>

<P><STRONG><a name="[d3]"></a>__rt_exit_prels_1</STRONG> (Thumb, 0 bytes, Stack size unknown bytes, rtexit2.o(.ARM.Collect$$rtexit$$00000002))

<P><STRONG><a name="[5b]"></a>__rt_exit_exit</STRONG> (Thumb, 0 bytes, Stack size unknown bytes, rtexit2.o(.ARM.Collect$$rtexit$$00000004))
<BR><BR>[Calls]<UL><LI><a href="#[5c]">&gt;&gt;</a>&nbsp;&nbsp;&nbsp;_sys_exit
</UL>

<P><STRONG><a name="[4b]"></a>Reset_Handler</STRONG> (Thumb, 8 bytes, Stack size 0 bytes, startup_stm32f10x_hd.o(.text))

<P><STRONG><a name="[1f]"></a>ADC1_2_IRQHandler</STRONG> (Thumb, 0 bytes, Stack size 0 bytes, startup_stm32f10x_hd.o(.text))
<BR><BR>[Calls]<UL><LI><a href="#[1f]">&gt;&gt;</a>&nbsp;&nbsp;&nbsp;ADC1_2_IRQHandler
</UL>
<BR>[Called By]<UL><LI><a href="#[1f]">&gt;&gt;</a>&nbsp;&nbsp;&nbsp;ADC1_2_IRQHandler
</UL>
<BR>[Address Reference Count : 1]<UL><LI> startup_stm32f10x_hd.o(RESET)
</UL>
<P><STRONG><a name="[3c]"></a>ADC3_IRQHandler</STRONG> (Thumb, 0 bytes, Stack size 0 bytes, startup_stm32f10x_hd.o(.text))
<BR>[Address Reference Count : 1]<UL><LI> startup_stm32f10x_hd.o(RESET)
</UL>
<P><STRONG><a name="[22]"></a>CAN1_RX1_IRQHandler</STRONG> (Thumb, 0 bytes, Stack size 0 bytes, startup_stm32f10x_hd.o(.text))
<BR>[Address Reference Count : 1]<UL><LI> startup_stm32f10x_hd.o(RESET)
</UL>
<P><STRONG><a name="[23]"></a>CAN1_SCE_IRQHandler</STRONG> (Thumb, 0 bytes, Stack size 0 bytes, startup_stm32f10x_hd.o(.text))
<BR>[Address Reference Count : 1]<UL><LI> startup_stm32f10x_hd.o(RESET)
</UL>
<P><STRONG><a name="[18]"></a>DMA1_Channel1_IRQHandler</STRONG> (Thumb, 0 bytes, Stack size 0 bytes, startup_stm32f10x_hd.o(.text))
<BR>[Address Reference Count : 1]<UL><LI> startup_stm32f10x_hd.o(RESET)
</UL>
<P><STRONG><a name="[19]"></a>DMA1_Channel2_IRQHandler</STRONG> (Thumb, 0 bytes, Stack size 0 bytes, startup_stm32f10x_hd.o(.text))
<BR>[Address Reference Count : 1]<UL><LI> startup_stm32f10x_hd.o(RESET)
</UL>
<P><STRONG><a name="[1a]"></a>DMA1_Channel3_IRQHandler</STRONG> (Thumb, 0 bytes, Stack size 0 bytes, startup_stm32f10x_hd.o(.text))
<BR>[Address Reference Count : 1]<UL><LI> startup_stm32f10x_hd.o(RESET)
</UL>
<P><STRONG><a name="[1b]"></a>DMA1_Channel4_IRQHandler</STRONG> (Thumb, 0 bytes, Stack size 0 bytes, startup_stm32f10x_hd.o(.text))
<BR>[Address Reference Count : 1]<UL><LI> startup_stm32f10x_hd.o(RESET)
</UL>
<P><STRONG><a name="[1c]"></a>DMA1_Channel5_IRQHandler</STRONG> (Thumb, 0 bytes, Stack size 0 bytes, startup_stm32f10x_hd.o(.text))
<BR>[Address Reference Count : 1]<UL><LI> startup_stm32f10x_hd.o(RESET)
</UL>
<P><STRONG><a name="[1d]"></a>DMA1_Channel6_IRQHandler</STRONG> (Thumb, 0 bytes, Stack size 0 bytes, startup_stm32f10x_hd.o(.text))
<BR>[Address Reference Count : 1]<UL><LI> startup_stm32f10x_hd.o(RESET)
</UL>
<P><STRONG><a name="[1e]"></a>DMA1_Channel7_IRQHandler</STRONG> (Thumb, 0 bytes, Stack size 0 bytes, startup_stm32f10x_hd.o(.text))
<BR>[Address Reference Count : 1]<UL><LI> startup_stm32f10x_hd.o(RESET)
</UL>
<P><STRONG><a name="[45]"></a>DMA2_Channel1_IRQHandler</STRONG> (Thumb, 0 bytes, Stack size 0 bytes, startup_stm32f10x_hd.o(.text))
<BR>[Address Reference Count : 1]<UL><LI> startup_stm32f10x_hd.o(RESET)
</UL>
<P><STRONG><a name="[46]"></a>DMA2_Channel2_IRQHandler</STRONG> (Thumb, 0 bytes, Stack size 0 bytes, startup_stm32f10x_hd.o(.text))
<BR>[Address Reference Count : 1]<UL><LI> startup_stm32f10x_hd.o(RESET)
</UL>
<P><STRONG><a name="[47]"></a>DMA2_Channel3_IRQHandler</STRONG> (Thumb, 0 bytes, Stack size 0 bytes, startup_stm32f10x_hd.o(.text))
<BR>[Address Reference Count : 1]<UL><LI> startup_stm32f10x_hd.o(RESET)
</UL>
<P><STRONG><a name="[48]"></a>DMA2_Channel4_5_IRQHandler</STRONG> (Thumb, 0 bytes, Stack size 0 bytes, startup_stm32f10x_hd.o(.text))
<BR>[Address Reference Count : 1]<UL><LI> startup_stm32f10x_hd.o(RESET)
</UL>
<P><STRONG><a name="[13]"></a>EXTI0_IRQHandler</STRONG> (Thumb, 0 bytes, Stack size 0 bytes, startup_stm32f10x_hd.o(.text))
<BR>[Address Reference Count : 1]<UL><LI> startup_stm32f10x_hd.o(RESET)
</UL>
<P><STRONG><a name="[35]"></a>EXTI15_10_IRQHandler</STRONG> (Thumb, 0 bytes, Stack size 0 bytes, startup_stm32f10x_hd.o(.text))
<BR>[Address Reference Count : 1]<UL><LI> startup_stm32f10x_hd.o(RESET)
</UL>
<P><STRONG><a name="[14]"></a>EXTI1_IRQHandler</STRONG> (Thumb, 0 bytes, Stack size 0 bytes, startup_stm32f10x_hd.o(.text))
<BR>[Address Reference Count : 1]<UL><LI> startup_stm32f10x_hd.o(RESET)
</UL>
<P><STRONG><a name="[15]"></a>EXTI2_IRQHandler</STRONG> (Thumb, 0 bytes, Stack size 0 bytes, startup_stm32f10x_hd.o(.text))
<BR>[Address Reference Count : 1]<UL><LI> startup_stm32f10x_hd.o(RESET)
</UL>
<P><STRONG><a name="[16]"></a>EXTI3_IRQHandler</STRONG> (Thumb, 0 bytes, Stack size 0 bytes, startup_stm32f10x_hd.o(.text))
<BR>[Address Reference Count : 1]<UL><LI> startup_stm32f10x_hd.o(RESET)
</UL>
<P><STRONG><a name="[17]"></a>EXTI4_IRQHandler</STRONG> (Thumb, 0 bytes, Stack size 0 bytes, startup_stm32f10x_hd.o(.text))
<BR>[Address Reference Count : 1]<UL><LI> startup_stm32f10x_hd.o(RESET)
</UL>
<P><STRONG><a name="[24]"></a>EXTI9_5_IRQHandler</STRONG> (Thumb, 0 bytes, Stack size 0 bytes, startup_stm32f10x_hd.o(.text))
<BR>[Address Reference Count : 1]<UL><LI> startup_stm32f10x_hd.o(RESET)
</UL>
<P><STRONG><a name="[11]"></a>FLASH_IRQHandler</STRONG> (Thumb, 0 bytes, Stack size 0 bytes, startup_stm32f10x_hd.o(.text))
<BR>[Address Reference Count : 1]<UL><LI> startup_stm32f10x_hd.o(RESET)
</UL>
<P><STRONG><a name="[3d]"></a>FSMC_IRQHandler</STRONG> (Thumb, 0 bytes, Stack size 0 bytes, startup_stm32f10x_hd.o(.text))
<BR>[Address Reference Count : 1]<UL><LI> startup_stm32f10x_hd.o(RESET)
</UL>
<P><STRONG><a name="[2d]"></a>I2C1_ER_IRQHandler</STRONG> (Thumb, 0 bytes, Stack size 0 bytes, startup_stm32f10x_hd.o(.text))
<BR>[Address Reference Count : 1]<UL><LI> startup_stm32f10x_hd.o(RESET)
</UL>
<P><STRONG><a name="[2c]"></a>I2C1_EV_IRQHandler</STRONG> (Thumb, 0 bytes, Stack size 0 bytes, startup_stm32f10x_hd.o(.text))
<BR>[Address Reference Count : 1]<UL><LI> startup_stm32f10x_hd.o(RESET)
</UL>
<P><STRONG><a name="[2f]"></a>I2C2_ER_IRQHandler</STRONG> (Thumb, 0 bytes, Stack size 0 bytes, startup_stm32f10x_hd.o(.text))
<BR>[Address Reference Count : 1]<UL><LI> startup_stm32f10x_hd.o(RESET)
</UL>
<P><STRONG><a name="[2e]"></a>I2C2_EV_IRQHandler</STRONG> (Thumb, 0 bytes, Stack size 0 bytes, startup_stm32f10x_hd.o(.text))
<BR>[Address Reference Count : 1]<UL><LI> startup_stm32f10x_hd.o(RESET)
</UL>
<P><STRONG><a name="[e]"></a>PVD_IRQHandler</STRONG> (Thumb, 0 bytes, Stack size 0 bytes, startup_stm32f10x_hd.o(.text))
<BR>[Address Reference Count : 1]<UL><LI> startup_stm32f10x_hd.o(RESET)
</UL>
<P><STRONG><a name="[12]"></a>RCC_IRQHandler</STRONG> (Thumb, 0 bytes, Stack size 0 bytes, startup_stm32f10x_hd.o(.text))
<BR>[Address Reference Count : 1]<UL><LI> startup_stm32f10x_hd.o(RESET)
</UL>
<P><STRONG><a name="[36]"></a>RTCAlarm_IRQHandler</STRONG> (Thumb, 0 bytes, Stack size 0 bytes, startup_stm32f10x_hd.o(.text))
<BR>[Address Reference Count : 1]<UL><LI> startup_stm32f10x_hd.o(RESET)
</UL>
<P><STRONG><a name="[10]"></a>RTC_IRQHandler</STRONG> (Thumb, 0 bytes, Stack size 0 bytes, startup_stm32f10x_hd.o(.text))
<BR>[Address Reference Count : 1]<UL><LI> startup_stm32f10x_hd.o(RESET)
</UL>
<P><STRONG><a name="[3e]"></a>SDIO_IRQHandler</STRONG> (Thumb, 0 bytes, Stack size 0 bytes, startup_stm32f10x_hd.o(.text))
<BR>[Address Reference Count : 1]<UL><LI> startup_stm32f10x_hd.o(RESET)
</UL>
<P><STRONG><a name="[30]"></a>SPI1_IRQHandler</STRONG> (Thumb, 0 bytes, Stack size 0 bytes, startup_stm32f10x_hd.o(.text))
<BR>[Address Reference Count : 1]<UL><LI> startup_stm32f10x_hd.o(RESET)
</UL>
<P><STRONG><a name="[31]"></a>SPI2_IRQHandler</STRONG> (Thumb, 0 bytes, Stack size 0 bytes, startup_stm32f10x_hd.o(.text))
<BR>[Address Reference Count : 1]<UL><LI> startup_stm32f10x_hd.o(RESET)
</UL>
<P><STRONG><a name="[40]"></a>SPI3_IRQHandler</STRONG> (Thumb, 0 bytes, Stack size 0 bytes, startup_stm32f10x_hd.o(.text))
<BR>[Address Reference Count : 1]<UL><LI> startup_stm32f10x_hd.o(RESET)
</UL>
<P><STRONG><a name="[f]"></a>TAMPER_IRQHandler</STRONG> (Thumb, 0 bytes, Stack size 0 bytes, startup_stm32f10x_hd.o(.text))
<BR>[Address Reference Count : 1]<UL><LI> startup_stm32f10x_hd.o(RESET)
</UL>
<P><STRONG><a name="[25]"></a>TIM1_BRK_IRQHandler</STRONG> (Thumb, 0 bytes, Stack size 0 bytes, startup_stm32f10x_hd.o(.text))
<BR>[Address Reference Count : 1]<UL><LI> startup_stm32f10x_hd.o(RESET)
</UL>
<P><STRONG><a name="[28]"></a>TIM1_CC_IRQHandler</STRONG> (Thumb, 0 bytes, Stack size 0 bytes, startup_stm32f10x_hd.o(.text))
<BR>[Address Reference Count : 1]<UL><LI> startup_stm32f10x_hd.o(RESET)
</UL>
<P><STRONG><a name="[27]"></a>TIM1_TRG_COM_IRQHandler</STRONG> (Thumb, 0 bytes, Stack size 0 bytes, startup_stm32f10x_hd.o(.text))
<BR>[Address Reference Count : 1]<UL><LI> startup_stm32f10x_hd.o(RESET)
</UL>
<P><STRONG><a name="[26]"></a>TIM1_UP_IRQHandler</STRONG> (Thumb, 0 bytes, Stack size 0 bytes, startup_stm32f10x_hd.o(.text))
<BR>[Address Reference Count : 1]<UL><LI> startup_stm32f10x_hd.o(RESET)
</UL>
<P><STRONG><a name="[29]"></a>TIM2_IRQHandler</STRONG> (Thumb, 0 bytes, Stack size 0 bytes, startup_stm32f10x_hd.o(.text))
<BR>[Address Reference Count : 1]<UL><LI> startup_stm32f10x_hd.o(RESET)
</UL>
<P><STRONG><a name="[3f]"></a>TIM5_IRQHandler</STRONG> (Thumb, 0 bytes, Stack size 0 bytes, startup_stm32f10x_hd.o(.text))
<BR>[Address Reference Count : 1]<UL><LI> startup_stm32f10x_hd.o(RESET)
</UL>
<P><STRONG><a name="[43]"></a>TIM6_IRQHandler</STRONG> (Thumb, 0 bytes, Stack size 0 bytes, startup_stm32f10x_hd.o(.text))
<BR>[Address Reference Count : 1]<UL><LI> startup_stm32f10x_hd.o(RESET)
</UL>
<P><STRONG><a name="[44]"></a>TIM7_IRQHandler</STRONG> (Thumb, 0 bytes, Stack size 0 bytes, startup_stm32f10x_hd.o(.text))
<BR>[Address Reference Count : 1]<UL><LI> startup_stm32f10x_hd.o(RESET)
</UL>
<P><STRONG><a name="[38]"></a>TIM8_BRK_IRQHandler</STRONG> (Thumb, 0 bytes, Stack size 0 bytes, startup_stm32f10x_hd.o(.text))
<BR>[Address Reference Count : 1]<UL><LI> startup_stm32f10x_hd.o(RESET)
</UL>
<P><STRONG><a name="[3b]"></a>TIM8_CC_IRQHandler</STRONG> (Thumb, 0 bytes, Stack size 0 bytes, startup_stm32f10x_hd.o(.text))
<BR>[Address Reference Count : 1]<UL><LI> startup_stm32f10x_hd.o(RESET)
</UL>
<P><STRONG><a name="[3a]"></a>TIM8_TRG_COM_IRQHandler</STRONG> (Thumb, 0 bytes, Stack size 0 bytes, startup_stm32f10x_hd.o(.text))
<BR>[Address Reference Count : 1]<UL><LI> startup_stm32f10x_hd.o(RESET)
</UL>
<P><STRONG><a name="[39]"></a>TIM8_UP_IRQHandler</STRONG> (Thumb, 0 bytes, Stack size 0 bytes, startup_stm32f10x_hd.o(.text))
<BR>[Address Reference Count : 1]<UL><LI> startup_stm32f10x_hd.o(RESET)
</UL>
<P><STRONG><a name="[41]"></a>UART4_IRQHandler</STRONG> (Thumb, 0 bytes, Stack size 0 bytes, startup_stm32f10x_hd.o(.text))
<BR>[Address Reference Count : 1]<UL><LI> startup_stm32f10x_hd.o(RESET)
</UL>
<P><STRONG><a name="[42]"></a>UART5_IRQHandler</STRONG> (Thumb, 0 bytes, Stack size 0 bytes, startup_stm32f10x_hd.o(.text))
<BR>[Address Reference Count : 1]<UL><LI> startup_stm32f10x_hd.o(RESET)
</UL>
<P><STRONG><a name="[33]"></a>USART2_IRQHandler</STRONG> (Thumb, 0 bytes, Stack size 0 bytes, startup_stm32f10x_hd.o(.text))
<BR>[Address Reference Count : 1]<UL><LI> startup_stm32f10x_hd.o(RESET)
</UL>
<P><STRONG><a name="[34]"></a>USART3_IRQHandler</STRONG> (Thumb, 0 bytes, Stack size 0 bytes, startup_stm32f10x_hd.o(.text))
<BR>[Address Reference Count : 1]<UL><LI> startup_stm32f10x_hd.o(RESET)
</UL>
<P><STRONG><a name="[37]"></a>USBWakeUp_IRQHandler</STRONG> (Thumb, 0 bytes, Stack size 0 bytes, startup_stm32f10x_hd.o(.text))
<BR>[Address Reference Count : 1]<UL><LI> startup_stm32f10x_hd.o(RESET)
</UL>
<P><STRONG><a name="[20]"></a>USB_HP_CAN1_TX_IRQHandler</STRONG> (Thumb, 0 bytes, Stack size 0 bytes, startup_stm32f10x_hd.o(.text))
<BR>[Address Reference Count : 1]<UL><LI> startup_stm32f10x_hd.o(RESET)
</UL>
<P><STRONG><a name="[21]"></a>USB_LP_CAN1_RX0_IRQHandler</STRONG> (Thumb, 0 bytes, Stack size 0 bytes, startup_stm32f10x_hd.o(.text))
<BR>[Address Reference Count : 1]<UL><LI> startup_stm32f10x_hd.o(RESET)
</UL>
<P><STRONG><a name="[d]"></a>WWDG_IRQHandler</STRONG> (Thumb, 0 bytes, Stack size 0 bytes, startup_stm32f10x_hd.o(.text))
<BR>[Address Reference Count : 1]<UL><LI> startup_stm32f10x_hd.o(RESET)
</UL>
<P><STRONG><a name="[4d]"></a>__user_initial_stackheap</STRONG> (Thumb, 0 bytes, Stack size unknown bytes, startup_stm32f10x_hd.o(.text))
<BR><BR>[Called By]<UL><LI><a href="#[53]">&gt;&gt;</a>&nbsp;&nbsp;&nbsp;__user_setup_stackheap
</UL>

<P><STRONG><a name="[d4]"></a>__use_two_region_memory</STRONG> (Thumb, 2 bytes, Stack size 0 bytes, heapauxi.o(.text), UNUSED)

<P><STRONG><a name="[d5]"></a>__rt_heap_escrow$2region</STRONG> (Thumb, 2 bytes, Stack size 0 bytes, heapauxi.o(.text), UNUSED)

<P><STRONG><a name="[d6]"></a>__rt_heap_expand$2region</STRONG> (Thumb, 2 bytes, Stack size 0 bytes, heapauxi.o(.text), UNUSED)

<P><STRONG><a name="[53]"></a>__user_setup_stackheap</STRONG> (Thumb, 74 bytes, Stack size 8 bytes, sys_stackheap_outer.o(.text))
<BR><BR>[Stack]<UL><LI>Max Depth = 8 + Unknown Stack Size
<LI>Call Chain = __user_setup_stackheap
</UL>
<BR>[Calls]<UL><LI><a href="#[4d]">&gt;&gt;</a>&nbsp;&nbsp;&nbsp;__user_initial_stackheap
<LI><a href="#[5d]">&gt;&gt;</a>&nbsp;&nbsp;&nbsp;__user_perproc_libspace
</UL>
<BR>[Called By]<UL><LI><a href="#[52]">&gt;&gt;</a>&nbsp;&nbsp;&nbsp;__rt_entry_sh
</UL>

<P><STRONG><a name="[58]"></a>exit</STRONG> (Thumb, 18 bytes, Stack size 8 bytes, exit.o(.text))
<BR><BR>[Stack]<UL><LI>Max Depth = 8 + Unknown Stack Size
<LI>Call Chain = exit
</UL>
<BR>[Calls]<UL><LI><a href="#[5e]">&gt;&gt;</a>&nbsp;&nbsp;&nbsp;__rt_exit
</UL>
<BR>[Called By]<UL><LI><a href="#[56]">&gt;&gt;</a>&nbsp;&nbsp;&nbsp;__rt_entry_main
</UL>

<P><STRONG><a name="[d7]"></a>__user_libspace</STRONG> (Thumb, 8 bytes, Stack size 0 bytes, libspace.o(.text), UNUSED)

<P><STRONG><a name="[5d]"></a>__user_perproc_libspace</STRONG> (Thumb, 0 bytes, Stack size 0 bytes, libspace.o(.text))
<BR><BR>[Called By]<UL><LI><a href="#[53]">&gt;&gt;</a>&nbsp;&nbsp;&nbsp;__user_setup_stackheap
</UL>

<P><STRONG><a name="[d8]"></a>__user_perthread_libspace</STRONG> (Thumb, 0 bytes, Stack size 0 bytes, libspace.o(.text), UNUSED)

<P><STRONG><a name="[5c]"></a>_sys_exit</STRONG> (Thumb, 8 bytes, Stack size 0 bytes, sys_exit.o(.text))
<BR><BR>[Called By]<UL><LI><a href="#[5b]">&gt;&gt;</a>&nbsp;&nbsp;&nbsp;__rt_exit_exit
</UL>

<P><STRONG><a name="[d9]"></a>__I$use$semihosting</STRONG> (Thumb, 0 bytes, Stack size 0 bytes, use_no_semi.o(.text), UNUSED)

<P><STRONG><a name="[da]"></a>__use_no_semihosting_swi</STRONG> (Thumb, 2 bytes, Stack size 0 bytes, use_no_semi.o(.text), UNUSED)

<P><STRONG><a name="[7]"></a>BusFault_Handler</STRONG> (Thumb, 2 bytes, Stack size 0 bytes, stm32f10x_it.o(i.BusFault_Handler))
<BR><BR>[Calls]<UL><LI><a href="#[7]">&gt;&gt;</a>&nbsp;&nbsp;&nbsp;BusFault_Handler
</UL>
<BR>[Called By]<UL><LI><a href="#[7]">&gt;&gt;</a>&nbsp;&nbsp;&nbsp;BusFault_Handler
</UL>
<BR>[Address Reference Count : 1]<UL><LI> startup_stm32f10x_hd.o(RESET)
</UL>
<P><STRONG><a name="[db]"></a>__semihosting_library_function</STRONG> (Thumb, 0 bytes, Stack size 0 bytes, indicate_semi.o(.text), UNUSED)

<P><STRONG><a name="[a]"></a>DebugMon_Handler</STRONG> (Thumb, 2 bytes, Stack size 0 bytes, stm32f10x_it.o(i.DebugMon_Handler))
<BR>[Address Reference Count : 1]<UL><LI> startup_stm32f10x_hd.o(RESET)
</UL>
<P><STRONG><a name="[65]"></a>Delay</STRONG> (Thumb, 12 bytes, Stack size 0 bytes, main.o(i.Delay))
<BR><BR>[Called By]<UL><LI><a href="#[66]">&gt;&gt;</a>&nbsp;&nbsp;&nbsp;EIE3810_TFTLCD_SetParameter
<LI><a href="#[64]">&gt;&gt;</a>&nbsp;&nbsp;&nbsp;EIE3810_TFTLCD_Init
<LI><a href="#[57]">&gt;&gt;</a>&nbsp;&nbsp;&nbsp;main
<LI><a href="#[8f]">&gt;&gt;</a>&nbsp;&nbsp;&nbsp;makebuzzer
<LI><a href="#[85]">&gt;&gt;</a>&nbsp;&nbsp;&nbsp;JOYPAD_Read
<LI><a href="#[9b]">&gt;&gt;</a>&nbsp;&nbsp;&nbsp;set_number
<LI><a href="#[9a]">&gt;&gt;</a>&nbsp;&nbsp;&nbsp;set_direction
<LI><a href="#[9e]">&gt;&gt;</a>&nbsp;&nbsp;&nbsp;print_end_screen
<LI><a href="#[76]">&gt;&gt;</a>&nbsp;&nbsp;&nbsp;EIE3810_TFTLCD_Welcome
</UL>

<P><STRONG><a name="[99]"></a>EIE3810_Buzzer_Init</STRONG> (Thumb, 30 bytes, Stack size 0 bytes, eie3810_buzzer.o(i.EIE3810_Buzzer_Init))
<BR><BR>[Called By]<UL><LI><a href="#[57]">&gt;&gt;</a>&nbsp;&nbsp;&nbsp;main
</UL>

<P><STRONG><a name="[97]"></a>EIE3810_KEY_Init</STRONG> (Thumb, 142 bytes, Stack size 8 bytes, eie3810_key.o(i.EIE3810_KEY_Init))
<BR><BR>[Stack]<UL><LI>Max Depth = 8<LI>Call Chain = EIE3810_KEY_Init
</UL>
<BR>[Called By]<UL><LI><a href="#[57]">&gt;&gt;</a>&nbsp;&nbsp;&nbsp;main
</UL>

<P><STRONG><a name="[98]"></a>EIE3810_LED_Init</STRONG> (Thumb, 80 bytes, Stack size 0 bytes, eie3810_led.o(i.EIE3810_LED_Init))
<BR><BR>[Called By]<UL><LI><a href="#[57]">&gt;&gt;</a>&nbsp;&nbsp;&nbsp;main
</UL>

<P><STRONG><a name="[94]"></a>EIE3810_NVIC_SetPriorityGroup</STRONG> (Thumb, 26 bytes, Stack size 0 bytes, main.o(i.EIE3810_NVIC_SetPriorityGroup))
<BR><BR>[Called By]<UL><LI><a href="#[57]">&gt;&gt;</a>&nbsp;&nbsp;&nbsp;main
</UL>

<P><STRONG><a name="[96]"></a>EIE3810_SYSTICK_Init</STRONG> (Thumb, 18 bytes, Stack size 0 bytes, eie3810_timer.o(i.EIE3810_SYSTICK_Init))
<BR><BR>[Called By]<UL><LI><a href="#[57]">&gt;&gt;</a>&nbsp;&nbsp;&nbsp;main
</UL>

<P><STRONG><a name="[5f]"></a>EIE3810_TFTLCD_DrawCircle</STRONG> (Thumb, 376 bytes, Stack size 56 bytes, eie3810_tftlcd.o(i.EIE3810_TFTLCD_DrawCircle))
<BR><BR>[Stack]<UL><LI>Max Depth = 64<LI>Call Chain = EIE3810_TFTLCD_DrawCircle &rArr; EIE3810_TFTLCD_DrawDot
</UL>
<BR>[Calls]<UL><LI><a href="#[60]">&gt;&gt;</a>&nbsp;&nbsp;&nbsp;EIE3810_TFTLCD_DrawDot
</UL>
<BR>[Called By]<UL><LI><a href="#[9d]">&gt;&gt;</a>&nbsp;&nbsp;&nbsp;move_the_ball
<LI><a href="#[8a]">&gt;&gt;</a>&nbsp;&nbsp;&nbsp;draw_the_ball
</UL>

<P><STRONG><a name="[60]"></a>EIE3810_TFTLCD_DrawDot</STRONG> (Thumb, 80 bytes, Stack size 8 bytes, eie3810_tftlcd.o(i.EIE3810_TFTLCD_DrawDot))
<BR><BR>[Stack]<UL><LI>Max Depth = 8<LI>Call Chain = EIE3810_TFTLCD_DrawDot
</UL>
<BR>[Calls]<UL><LI><a href="#[62]">&gt;&gt;</a>&nbsp;&nbsp;&nbsp;EIE3810_TFTLCD_WrData
<LI><a href="#[61]">&gt;&gt;</a>&nbsp;&nbsp;&nbsp;EIE3810_TFTLCD_WrCmd
</UL>
<BR>[Called By]<UL><LI><a href="#[5f]">&gt;&gt;</a>&nbsp;&nbsp;&nbsp;EIE3810_TFTLCD_DrawCircle
</UL>

<P><STRONG><a name="[63]"></a>EIE3810_TFTLCD_FillRectangle</STRONG> (Thumb, 160 bytes, Stack size 20 bytes, eie3810_tftlcd.o(i.EIE3810_TFTLCD_FillRectangle))
<BR><BR>[Stack]<UL><LI>Max Depth = 20<LI>Call Chain = EIE3810_TFTLCD_FillRectangle
</UL>
<BR>[Calls]<UL><LI><a href="#[62]">&gt;&gt;</a>&nbsp;&nbsp;&nbsp;EIE3810_TFTLCD_WrData
<LI><a href="#[61]">&gt;&gt;</a>&nbsp;&nbsp;&nbsp;EIE3810_TFTLCD_WrCmd
</UL>
<BR>[Called By]<UL><LI><a href="#[78]">&gt;&gt;</a>&nbsp;&nbsp;&nbsp;EIE3810_TFTLCD_rect_y
<LI><a href="#[79]">&gt;&gt;</a>&nbsp;&nbsp;&nbsp;EIE3810_TFTLCD_rect_x
<LI><a href="#[77]">&gt;&gt;</a>&nbsp;&nbsp;&nbsp;EIE3810_TFTLCD_clean
<LI><a href="#[8c]">&gt;&gt;</a>&nbsp;&nbsp;&nbsp;draw_the_board_2
<LI><a href="#[8b]">&gt;&gt;</a>&nbsp;&nbsp;&nbsp;draw_the_board_1
</UL>

<P><STRONG><a name="[64]"></a>EIE3810_TFTLCD_Init</STRONG> (Thumb, 282 bytes, Stack size 8 bytes, eie3810_tftlcd.o(i.EIE3810_TFTLCD_Init))
<BR><BR>[Stack]<UL><LI>Max Depth = 48<LI>Call Chain = EIE3810_TFTLCD_Init &rArr; EIE3810_TFTLCD_SetParameter
</UL>
<BR>[Calls]<UL><LI><a href="#[65]">&gt;&gt;</a>&nbsp;&nbsp;&nbsp;Delay
<LI><a href="#[66]">&gt;&gt;</a>&nbsp;&nbsp;&nbsp;EIE3810_TFTLCD_SetParameter
</UL>
<BR>[Called By]<UL><LI><a href="#[57]">&gt;&gt;</a>&nbsp;&nbsp;&nbsp;main
</UL>

<P><STRONG><a name="[66]"></a>EIE3810_TFTLCD_SetParameter</STRONG> (Thumb, 3784 bytes, Stack size 40 bytes, eie3810_tftlcd.o(i.EIE3810_TFTLCD_SetParameter))
<BR><BR>[Stack]<UL><LI>Max Depth = 40<LI>Call Chain = EIE3810_TFTLCD_SetParameter
</UL>
<BR>[Calls]<UL><LI><a href="#[65]">&gt;&gt;</a>&nbsp;&nbsp;&nbsp;Delay
<LI><a href="#[67]">&gt;&gt;</a>&nbsp;&nbsp;&nbsp;EIE3810_TFTLCD_WrCmdData
<LI><a href="#[61]">&gt;&gt;</a>&nbsp;&nbsp;&nbsp;EIE3810_TFTLCD_WrCmd
</UL>
<BR>[Called By]<UL><LI><a href="#[64]">&gt;&gt;</a>&nbsp;&nbsp;&nbsp;EIE3810_TFTLCD_Init
</UL>

<P><STRONG><a name="[68]"></a>EIE3810_TFTLCD_SevenSegment</STRONG> (Thumb, 156 bytes, Stack size 20 bytes, eie3810_tftlcd.o(i.EIE3810_TFTLCD_SevenSegment))
<BR><BR>[Stack]<UL><LI>Max Depth = 72<LI>Call Chain = EIE3810_TFTLCD_SevenSegment &rArr; EIE3810_TFTLCD_rect_8 &rArr; EIE3810_TFTLCD_rect_y &rArr; EIE3810_TFTLCD_FillRectangle
</UL>
<BR>[Calls]<UL><LI><a href="#[72]">&gt;&gt;</a>&nbsp;&nbsp;&nbsp;EIE3810_TFTLCD_rect_9
<LI><a href="#[71]">&gt;&gt;</a>&nbsp;&nbsp;&nbsp;EIE3810_TFTLCD_rect_8
<LI><a href="#[70]">&gt;&gt;</a>&nbsp;&nbsp;&nbsp;EIE3810_TFTLCD_rect_7
<LI><a href="#[6f]">&gt;&gt;</a>&nbsp;&nbsp;&nbsp;EIE3810_TFTLCD_rect_6
<LI><a href="#[6e]">&gt;&gt;</a>&nbsp;&nbsp;&nbsp;EIE3810_TFTLCD_rect_5
<LI><a href="#[6d]">&gt;&gt;</a>&nbsp;&nbsp;&nbsp;EIE3810_TFTLCD_rect_4
<LI><a href="#[6c]">&gt;&gt;</a>&nbsp;&nbsp;&nbsp;EIE3810_TFTLCD_rect_3
<LI><a href="#[6b]">&gt;&gt;</a>&nbsp;&nbsp;&nbsp;EIE3810_TFTLCD_rect_2
<LI><a href="#[6a]">&gt;&gt;</a>&nbsp;&nbsp;&nbsp;EIE3810_TFTLCD_rect_1
<LI><a href="#[69]">&gt;&gt;</a>&nbsp;&nbsp;&nbsp;EIE3810_TFTLCD_rect_0
</UL>
<BR>[Called By]<UL><LI><a href="#[9b]">&gt;&gt;</a>&nbsp;&nbsp;&nbsp;set_number
</UL>

<P><STRONG><a name="[73]"></a>EIE3810_TFTLCD_ShowChar</STRONG> (Thumb, 232 bytes, Stack size 20 bytes, eie3810_tftlcd.o(i.EIE3810_TFTLCD_ShowChar))
<BR><BR>[Stack]<UL><LI>Max Depth = 20<LI>Call Chain = EIE3810_TFTLCD_ShowChar
</UL>
<BR>[Calls]<UL><LI><a href="#[62]">&gt;&gt;</a>&nbsp;&nbsp;&nbsp;EIE3810_TFTLCD_WrData
<LI><a href="#[61]">&gt;&gt;</a>&nbsp;&nbsp;&nbsp;EIE3810_TFTLCD_WrCmd
</UL>
<BR>[Called By]<UL><LI><a href="#[2a]">&gt;&gt;</a>&nbsp;&nbsp;&nbsp;TIM3_IRQHandler
<LI><a href="#[8e]">&gt;&gt;</a>&nbsp;&nbsp;&nbsp;show_bounce
<LI><a href="#[9a]">&gt;&gt;</a>&nbsp;&nbsp;&nbsp;set_direction
<LI><a href="#[89]">&gt;&gt;</a>&nbsp;&nbsp;&nbsp;display_time
<LI><a href="#[75]">&gt;&gt;</a>&nbsp;&nbsp;&nbsp;EIE3810_TFTLCD_ShowString
</UL>

<P><STRONG><a name="[74]"></a>EIE3810_TFTLCD_ShowChar2412</STRONG> (Thumb, 244 bytes, Stack size 36 bytes, eie3810_tftlcd.o(i.EIE3810_TFTLCD_ShowChar2412))
<BR><BR>[Stack]<UL><LI>Max Depth = 36<LI>Call Chain = EIE3810_TFTLCD_ShowChar2412
</UL>
<BR>[Calls]<UL><LI><a href="#[62]">&gt;&gt;</a>&nbsp;&nbsp;&nbsp;EIE3810_TFTLCD_WrData
<LI><a href="#[61]">&gt;&gt;</a>&nbsp;&nbsp;&nbsp;EIE3810_TFTLCD_WrCmd
</UL>
<BR>[Called By]<UL><LI><a href="#[9e]">&gt;&gt;</a>&nbsp;&nbsp;&nbsp;print_end_screen
<LI><a href="#[75]">&gt;&gt;</a>&nbsp;&nbsp;&nbsp;EIE3810_TFTLCD_ShowString
</UL>

<P><STRONG><a name="[75]"></a>EIE3810_TFTLCD_ShowString</STRONG> (Thumb, 78 bytes, Stack size 32 bytes, eie3810_core.o(i.EIE3810_TFTLCD_ShowString))
<BR><BR>[Stack]<UL><LI>Max Depth = 68<LI>Call Chain = EIE3810_TFTLCD_ShowString &rArr; EIE3810_TFTLCD_ShowChar2412
</UL>
<BR>[Calls]<UL><LI><a href="#[74]">&gt;&gt;</a>&nbsp;&nbsp;&nbsp;EIE3810_TFTLCD_ShowChar2412
<LI><a href="#[73]">&gt;&gt;</a>&nbsp;&nbsp;&nbsp;EIE3810_TFTLCD_ShowChar
</UL>
<BR>[Called By]<UL><LI><a href="#[8e]">&gt;&gt;</a>&nbsp;&nbsp;&nbsp;show_bounce
<LI><a href="#[9a]">&gt;&gt;</a>&nbsp;&nbsp;&nbsp;set_direction
<LI><a href="#[9e]">&gt;&gt;</a>&nbsp;&nbsp;&nbsp;print_end_screen
<LI><a href="#[89]">&gt;&gt;</a>&nbsp;&nbsp;&nbsp;display_time
<LI><a href="#[84]">&gt;&gt;</a>&nbsp;&nbsp;&nbsp;EIE3810_third_page
<LI><a href="#[80]">&gt;&gt;</a>&nbsp;&nbsp;&nbsp;EIE3810_next_page
<LI><a href="#[76]">&gt;&gt;</a>&nbsp;&nbsp;&nbsp;EIE3810_TFTLCD_Welcome
</UL>

<P><STRONG><a name="[76]"></a>EIE3810_TFTLCD_Welcome</STRONG> (Thumb, 102 bytes, Stack size 24 bytes, eie3810_core.o(i.EIE3810_TFTLCD_Welcome))
<BR><BR>[Stack]<UL><LI>Max Depth = 92<LI>Call Chain = EIE3810_TFTLCD_Welcome &rArr; EIE3810_TFTLCD_ShowString &rArr; EIE3810_TFTLCD_ShowChar2412
</UL>
<BR>[Calls]<UL><LI><a href="#[65]">&gt;&gt;</a>&nbsp;&nbsp;&nbsp;Delay
<LI><a href="#[75]">&gt;&gt;</a>&nbsp;&nbsp;&nbsp;EIE3810_TFTLCD_ShowString
</UL>
<BR>[Called By]<UL><LI><a href="#[57]">&gt;&gt;</a>&nbsp;&nbsp;&nbsp;main
</UL>

<P><STRONG><a name="[61]"></a>EIE3810_TFTLCD_WrCmd</STRONG> (Thumb, 8 bytes, Stack size 0 bytes, eie3810_tftlcd.o(i.EIE3810_TFTLCD_WrCmd))
<BR><BR>[Called By]<UL><LI><a href="#[74]">&gt;&gt;</a>&nbsp;&nbsp;&nbsp;EIE3810_TFTLCD_ShowChar2412
<LI><a href="#[73]">&gt;&gt;</a>&nbsp;&nbsp;&nbsp;EIE3810_TFTLCD_ShowChar
<LI><a href="#[66]">&gt;&gt;</a>&nbsp;&nbsp;&nbsp;EIE3810_TFTLCD_SetParameter
<LI><a href="#[63]">&gt;&gt;</a>&nbsp;&nbsp;&nbsp;EIE3810_TFTLCD_FillRectangle
<LI><a href="#[60]">&gt;&gt;</a>&nbsp;&nbsp;&nbsp;EIE3810_TFTLCD_DrawDot
</UL>

<P><STRONG><a name="[67]"></a>EIE3810_TFTLCD_WrCmdData</STRONG> (Thumb, 12 bytes, Stack size 0 bytes, eie3810_tftlcd.o(i.EIE3810_TFTLCD_WrCmdData))
<BR><BR>[Called By]<UL><LI><a href="#[66]">&gt;&gt;</a>&nbsp;&nbsp;&nbsp;EIE3810_TFTLCD_SetParameter
</UL>

<P><STRONG><a name="[62]"></a>EIE3810_TFTLCD_WrData</STRONG> (Thumb, 6 bytes, Stack size 0 bytes, eie3810_tftlcd.o(i.EIE3810_TFTLCD_WrData))
<BR><BR>[Called By]<UL><LI><a href="#[74]">&gt;&gt;</a>&nbsp;&nbsp;&nbsp;EIE3810_TFTLCD_ShowChar2412
<LI><a href="#[73]">&gt;&gt;</a>&nbsp;&nbsp;&nbsp;EIE3810_TFTLCD_ShowChar
<LI><a href="#[63]">&gt;&gt;</a>&nbsp;&nbsp;&nbsp;EIE3810_TFTLCD_FillRectangle
<LI><a href="#[60]">&gt;&gt;</a>&nbsp;&nbsp;&nbsp;EIE3810_TFTLCD_DrawDot
</UL>

<P><STRONG><a name="[77]"></a>EIE3810_TFTLCD_clean</STRONG> (Thumb, 22 bytes, Stack size 8 bytes, eie3810_tftlcd.o(i.EIE3810_TFTLCD_clean))
<BR><BR>[Stack]<UL><LI>Max Depth = 28<LI>Call Chain = EIE3810_TFTLCD_clean &rArr; EIE3810_TFTLCD_FillRectangle
</UL>
<BR>[Calls]<UL><LI><a href="#[63]">&gt;&gt;</a>&nbsp;&nbsp;&nbsp;EIE3810_TFTLCD_FillRectangle
</UL>
<BR>[Called By]<UL><LI><a href="#[57]">&gt;&gt;</a>&nbsp;&nbsp;&nbsp;main
<LI><a href="#[2a]">&gt;&gt;</a>&nbsp;&nbsp;&nbsp;TIM3_IRQHandler
<LI><a href="#[9b]">&gt;&gt;</a>&nbsp;&nbsp;&nbsp;set_number
<LI><a href="#[9a]">&gt;&gt;</a>&nbsp;&nbsp;&nbsp;set_direction
<LI><a href="#[9e]">&gt;&gt;</a>&nbsp;&nbsp;&nbsp;print_end_screen
<LI><a href="#[84]">&gt;&gt;</a>&nbsp;&nbsp;&nbsp;EIE3810_third_page
<LI><a href="#[80]">&gt;&gt;</a>&nbsp;&nbsp;&nbsp;EIE3810_next_page
</UL>

<P><STRONG><a name="[69]"></a>EIE3810_TFTLCD_rect_0</STRONG> (Thumb, 98 bytes, Stack size 24 bytes, eie3810_tftlcd.o(i.EIE3810_TFTLCD_rect_0))
<BR><BR>[Stack]<UL><LI>Max Depth = 52<LI>Call Chain = EIE3810_TFTLCD_rect_0 &rArr; EIE3810_TFTLCD_rect_y &rArr; EIE3810_TFTLCD_FillRectangle
</UL>
<BR>[Calls]<UL><LI><a href="#[78]">&gt;&gt;</a>&nbsp;&nbsp;&nbsp;EIE3810_TFTLCD_rect_y
<LI><a href="#[79]">&gt;&gt;</a>&nbsp;&nbsp;&nbsp;EIE3810_TFTLCD_rect_x
</UL>
<BR>[Called By]<UL><LI><a href="#[68]">&gt;&gt;</a>&nbsp;&nbsp;&nbsp;EIE3810_TFTLCD_SevenSegment
</UL>

<P><STRONG><a name="[6a]"></a>EIE3810_TFTLCD_rect_1</STRONG> (Thumb, 40 bytes, Stack size 16 bytes, eie3810_tftlcd.o(i.EIE3810_TFTLCD_rect_1))
<BR><BR>[Stack]<UL><LI>Max Depth = 44<LI>Call Chain = EIE3810_TFTLCD_rect_1 &rArr; EIE3810_TFTLCD_rect_y &rArr; EIE3810_TFTLCD_FillRectangle
</UL>
<BR>[Calls]<UL><LI><a href="#[78]">&gt;&gt;</a>&nbsp;&nbsp;&nbsp;EIE3810_TFTLCD_rect_y
</UL>
<BR>[Called By]<UL><LI><a href="#[68]">&gt;&gt;</a>&nbsp;&nbsp;&nbsp;EIE3810_TFTLCD_SevenSegment
</UL>

<P><STRONG><a name="[6b]"></a>EIE3810_TFTLCD_rect_2</STRONG> (Thumb, 86 bytes, Stack size 16 bytes, eie3810_tftlcd.o(i.EIE3810_TFTLCD_rect_2))
<BR><BR>[Stack]<UL><LI>Max Depth = 44<LI>Call Chain = EIE3810_TFTLCD_rect_2 &rArr; EIE3810_TFTLCD_rect_y &rArr; EIE3810_TFTLCD_FillRectangle
</UL>
<BR>[Calls]<UL><LI><a href="#[78]">&gt;&gt;</a>&nbsp;&nbsp;&nbsp;EIE3810_TFTLCD_rect_y
<LI><a href="#[79]">&gt;&gt;</a>&nbsp;&nbsp;&nbsp;EIE3810_TFTLCD_rect_x
</UL>
<BR>[Called By]<UL><LI><a href="#[68]">&gt;&gt;</a>&nbsp;&nbsp;&nbsp;EIE3810_TFTLCD_SevenSegment
</UL>

<P><STRONG><a name="[6c]"></a>EIE3810_TFTLCD_rect_3</STRONG> (Thumb, 86 bytes, Stack size 20 bytes, eie3810_tftlcd.o(i.EIE3810_TFTLCD_rect_3))
<BR><BR>[Stack]<UL><LI>Max Depth = 48<LI>Call Chain = EIE3810_TFTLCD_rect_3 &rArr; EIE3810_TFTLCD_rect_y &rArr; EIE3810_TFTLCD_FillRectangle
</UL>
<BR>[Calls]<UL><LI><a href="#[78]">&gt;&gt;</a>&nbsp;&nbsp;&nbsp;EIE3810_TFTLCD_rect_y
<LI><a href="#[79]">&gt;&gt;</a>&nbsp;&nbsp;&nbsp;EIE3810_TFTLCD_rect_x
</UL>
<BR>[Called By]<UL><LI><a href="#[68]">&gt;&gt;</a>&nbsp;&nbsp;&nbsp;EIE3810_TFTLCD_SevenSegment
</UL>

<P><STRONG><a name="[6d]"></a>EIE3810_TFTLCD_rect_4</STRONG> (Thumb, 70 bytes, Stack size 20 bytes, eie3810_tftlcd.o(i.EIE3810_TFTLCD_rect_4))
<BR><BR>[Stack]<UL><LI>Max Depth = 48<LI>Call Chain = EIE3810_TFTLCD_rect_4 &rArr; EIE3810_TFTLCD_rect_y &rArr; EIE3810_TFTLCD_FillRectangle
</UL>
<BR>[Calls]<UL><LI><a href="#[78]">&gt;&gt;</a>&nbsp;&nbsp;&nbsp;EIE3810_TFTLCD_rect_y
<LI><a href="#[79]">&gt;&gt;</a>&nbsp;&nbsp;&nbsp;EIE3810_TFTLCD_rect_x
</UL>
<BR>[Called By]<UL><LI><a href="#[68]">&gt;&gt;</a>&nbsp;&nbsp;&nbsp;EIE3810_TFTLCD_SevenSegment
</UL>

<P><STRONG><a name="[6e]"></a>EIE3810_TFTLCD_rect_5</STRONG> (Thumb, 86 bytes, Stack size 16 bytes, eie3810_tftlcd.o(i.EIE3810_TFTLCD_rect_5))
<BR><BR>[Stack]<UL><LI>Max Depth = 44<LI>Call Chain = EIE3810_TFTLCD_rect_5 &rArr; EIE3810_TFTLCD_rect_y &rArr; EIE3810_TFTLCD_FillRectangle
</UL>
<BR>[Calls]<UL><LI><a href="#[78]">&gt;&gt;</a>&nbsp;&nbsp;&nbsp;EIE3810_TFTLCD_rect_y
<LI><a href="#[79]">&gt;&gt;</a>&nbsp;&nbsp;&nbsp;EIE3810_TFTLCD_rect_x
</UL>
<BR>[Called By]<UL><LI><a href="#[68]">&gt;&gt;</a>&nbsp;&nbsp;&nbsp;EIE3810_TFTLCD_SevenSegment
</UL>

<P><STRONG><a name="[6f]"></a>EIE3810_TFTLCD_rect_6</STRONG> (Thumb, 98 bytes, Stack size 20 bytes, eie3810_tftlcd.o(i.EIE3810_TFTLCD_rect_6))
<BR><BR>[Stack]<UL><LI>Max Depth = 48<LI>Call Chain = EIE3810_TFTLCD_rect_6 &rArr; EIE3810_TFTLCD_rect_y &rArr; EIE3810_TFTLCD_FillRectangle
</UL>
<BR>[Calls]<UL><LI><a href="#[78]">&gt;&gt;</a>&nbsp;&nbsp;&nbsp;EIE3810_TFTLCD_rect_y
<LI><a href="#[79]">&gt;&gt;</a>&nbsp;&nbsp;&nbsp;EIE3810_TFTLCD_rect_x
</UL>
<BR>[Called By]<UL><LI><a href="#[68]">&gt;&gt;</a>&nbsp;&nbsp;&nbsp;EIE3810_TFTLCD_SevenSegment
</UL>

<P><STRONG><a name="[70]"></a>EIE3810_TFTLCD_rect_7</STRONG> (Thumb, 58 bytes, Stack size 20 bytes, eie3810_tftlcd.o(i.EIE3810_TFTLCD_rect_7))
<BR><BR>[Stack]<UL><LI>Max Depth = 48<LI>Call Chain = EIE3810_TFTLCD_rect_7 &rArr; EIE3810_TFTLCD_rect_y &rArr; EIE3810_TFTLCD_FillRectangle
</UL>
<BR>[Calls]<UL><LI><a href="#[78]">&gt;&gt;</a>&nbsp;&nbsp;&nbsp;EIE3810_TFTLCD_rect_y
<LI><a href="#[79]">&gt;&gt;</a>&nbsp;&nbsp;&nbsp;EIE3810_TFTLCD_rect_x
</UL>
<BR>[Called By]<UL><LI><a href="#[68]">&gt;&gt;</a>&nbsp;&nbsp;&nbsp;EIE3810_TFTLCD_SevenSegment
</UL>

<P><STRONG><a name="[71]"></a>EIE3810_TFTLCD_rect_8</STRONG> (Thumb, 114 bytes, Stack size 24 bytes, eie3810_tftlcd.o(i.EIE3810_TFTLCD_rect_8))
<BR><BR>[Stack]<UL><LI>Max Depth = 52<LI>Call Chain = EIE3810_TFTLCD_rect_8 &rArr; EIE3810_TFTLCD_rect_y &rArr; EIE3810_TFTLCD_FillRectangle
</UL>
<BR>[Calls]<UL><LI><a href="#[78]">&gt;&gt;</a>&nbsp;&nbsp;&nbsp;EIE3810_TFTLCD_rect_y
<LI><a href="#[79]">&gt;&gt;</a>&nbsp;&nbsp;&nbsp;EIE3810_TFTLCD_rect_x
</UL>
<BR>[Called By]<UL><LI><a href="#[68]">&gt;&gt;</a>&nbsp;&nbsp;&nbsp;EIE3810_TFTLCD_SevenSegment
</UL>

<P><STRONG><a name="[72]"></a>EIE3810_TFTLCD_rect_9</STRONG> (Thumb, 98 bytes, Stack size 20 bytes, eie3810_tftlcd.o(i.EIE3810_TFTLCD_rect_9))
<BR><BR>[Stack]<UL><LI>Max Depth = 48<LI>Call Chain = EIE3810_TFTLCD_rect_9 &rArr; EIE3810_TFTLCD_rect_y &rArr; EIE3810_TFTLCD_FillRectangle
</UL>
<BR>[Calls]<UL><LI><a href="#[78]">&gt;&gt;</a>&nbsp;&nbsp;&nbsp;EIE3810_TFTLCD_rect_y
<LI><a href="#[79]">&gt;&gt;</a>&nbsp;&nbsp;&nbsp;EIE3810_TFTLCD_rect_x
</UL>
<BR>[Called By]<UL><LI><a href="#[68]">&gt;&gt;</a>&nbsp;&nbsp;&nbsp;EIE3810_TFTLCD_SevenSegment
</UL>

<P><STRONG><a name="[79]"></a>EIE3810_TFTLCD_rect_x</STRONG> (Thumb, 16 bytes, Stack size 8 bytes, eie3810_tftlcd.o(i.EIE3810_TFTLCD_rect_x))
<BR><BR>[Stack]<UL><LI>Max Depth = 28<LI>Call Chain = EIE3810_TFTLCD_rect_x &rArr; EIE3810_TFTLCD_FillRectangle
</UL>
<BR>[Calls]<UL><LI><a href="#[63]">&gt;&gt;</a>&nbsp;&nbsp;&nbsp;EIE3810_TFTLCD_FillRectangle
</UL>
<BR>[Called By]<UL><LI><a href="#[72]">&gt;&gt;</a>&nbsp;&nbsp;&nbsp;EIE3810_TFTLCD_rect_9
<LI><a href="#[71]">&gt;&gt;</a>&nbsp;&nbsp;&nbsp;EIE3810_TFTLCD_rect_8
<LI><a href="#[70]">&gt;&gt;</a>&nbsp;&nbsp;&nbsp;EIE3810_TFTLCD_rect_7
<LI><a href="#[6f]">&gt;&gt;</a>&nbsp;&nbsp;&nbsp;EIE3810_TFTLCD_rect_6
<LI><a href="#[6e]">&gt;&gt;</a>&nbsp;&nbsp;&nbsp;EIE3810_TFTLCD_rect_5
<LI><a href="#[6d]">&gt;&gt;</a>&nbsp;&nbsp;&nbsp;EIE3810_TFTLCD_rect_4
<LI><a href="#[6c]">&gt;&gt;</a>&nbsp;&nbsp;&nbsp;EIE3810_TFTLCD_rect_3
<LI><a href="#[6b]">&gt;&gt;</a>&nbsp;&nbsp;&nbsp;EIE3810_TFTLCD_rect_2
<LI><a href="#[69]">&gt;&gt;</a>&nbsp;&nbsp;&nbsp;EIE3810_TFTLCD_rect_0
</UL>

<P><STRONG><a name="[78]"></a>EIE3810_TFTLCD_rect_y</STRONG> (Thumb, 16 bytes, Stack size 8 bytes, eie3810_tftlcd.o(i.EIE3810_TFTLCD_rect_y))
<BR><BR>[Stack]<UL><LI>Max Depth = 28<LI>Call Chain = EIE3810_TFTLCD_rect_y &rArr; EIE3810_TFTLCD_FillRectangle
</UL>
<BR>[Calls]<UL><LI><a href="#[63]">&gt;&gt;</a>&nbsp;&nbsp;&nbsp;EIE3810_TFTLCD_FillRectangle
</UL>
<BR>[Called By]<UL><LI><a href="#[72]">&gt;&gt;</a>&nbsp;&nbsp;&nbsp;EIE3810_TFTLCD_rect_9
<LI><a href="#[71]">&gt;&gt;</a>&nbsp;&nbsp;&nbsp;EIE3810_TFTLCD_rect_8
<LI><a href="#[70]">&gt;&gt;</a>&nbsp;&nbsp;&nbsp;EIE3810_TFTLCD_rect_7
<LI><a href="#[6f]">&gt;&gt;</a>&nbsp;&nbsp;&nbsp;EIE3810_TFTLCD_rect_6
<LI><a href="#[6e]">&gt;&gt;</a>&nbsp;&nbsp;&nbsp;EIE3810_TFTLCD_rect_5
<LI><a href="#[6d]">&gt;&gt;</a>&nbsp;&nbsp;&nbsp;EIE3810_TFTLCD_rect_4
<LI><a href="#[6c]">&gt;&gt;</a>&nbsp;&nbsp;&nbsp;EIE3810_TFTLCD_rect_3
<LI><a href="#[6b]">&gt;&gt;</a>&nbsp;&nbsp;&nbsp;EIE3810_TFTLCD_rect_2
<LI><a href="#[6a]">&gt;&gt;</a>&nbsp;&nbsp;&nbsp;EIE3810_TFTLCD_rect_1
<LI><a href="#[69]">&gt;&gt;</a>&nbsp;&nbsp;&nbsp;EIE3810_TFTLCD_rect_0
</UL>

<P><STRONG><a name="[7a]"></a>EIE3810_USART1_init</STRONG> (Thumb, 150 bytes, Stack size 16 bytes, eie3810_usart.o(i.EIE3810_USART1_init))
<BR><BR>[Stack]<UL><LI>Max Depth = 32<LI>Call Chain = EIE3810_USART1_init &rArr; __aeabi_f2uiz
</UL>
<BR>[Calls]<UL><LI><a href="#[7f]">&gt;&gt;</a>&nbsp;&nbsp;&nbsp;__ARM_scalbnf
<LI><a href="#[7b]">&gt;&gt;</a>&nbsp;&nbsp;&nbsp;__aeabi_ui2f
<LI><a href="#[7d]">&gt;&gt;</a>&nbsp;&nbsp;&nbsp;__aeabi_f2uiz
<LI><a href="#[7c]">&gt;&gt;</a>&nbsp;&nbsp;&nbsp;__aeabi_fdiv
<LI><a href="#[7e]">&gt;&gt;</a>&nbsp;&nbsp;&nbsp;__aeabi_frsub
</UL>
<BR>[Called By]<UL><LI><a href="#[9a]">&gt;&gt;</a>&nbsp;&nbsp;&nbsp;set_direction
</UL>

<P><STRONG><a name="[93]"></a>EIE3810_clock_tree_init</STRONG> (Thumb, 130 bytes, Stack size 0 bytes, eie3810_clock.o(i.EIE3810_clock_tree_init))
<BR><BR>[Called By]<UL><LI><a href="#[57]">&gt;&gt;</a>&nbsp;&nbsp;&nbsp;main
</UL>

<P><STRONG><a name="[80]"></a>EIE3810_next_page</STRONG> (Thumb, 182 bytes, Stack size 24 bytes, eie3810_core.o(i.EIE3810_next_page))
<BR><BR>[Stack]<UL><LI>Max Depth = 92<LI>Call Chain = EIE3810_next_page &rArr; EIE3810_TFTLCD_ShowString &rArr; EIE3810_TFTLCD_ShowChar2412
</UL>
<BR>[Calls]<UL><LI><a href="#[77]">&gt;&gt;</a>&nbsp;&nbsp;&nbsp;EIE3810_TFTLCD_clean
<LI><a href="#[82]">&gt;&gt;</a>&nbsp;&nbsp;&nbsp;key_up_on
<LI><a href="#[83]">&gt;&gt;</a>&nbsp;&nbsp;&nbsp;key_1_on
<LI><a href="#[81]">&gt;&gt;</a>&nbsp;&nbsp;&nbsp;key_0_on
<LI><a href="#[75]">&gt;&gt;</a>&nbsp;&nbsp;&nbsp;EIE3810_TFTLCD_ShowString
</UL>
<BR>[Called By]<UL><LI><a href="#[57]">&gt;&gt;</a>&nbsp;&nbsp;&nbsp;main
</UL>

<P><STRONG><a name="[84]"></a>EIE3810_third_page</STRONG> (Thumb, 34 bytes, Stack size 16 bytes, eie3810_core.o(i.EIE3810_third_page))
<BR><BR>[Stack]<UL><LI>Max Depth = 84<LI>Call Chain = EIE3810_third_page &rArr; EIE3810_TFTLCD_ShowString &rArr; EIE3810_TFTLCD_ShowChar2412
</UL>
<BR>[Calls]<UL><LI><a href="#[77]">&gt;&gt;</a>&nbsp;&nbsp;&nbsp;EIE3810_TFTLCD_clean
<LI><a href="#[75]">&gt;&gt;</a>&nbsp;&nbsp;&nbsp;EIE3810_TFTLCD_ShowString
</UL>
<BR>[Called By]<UL><LI><a href="#[57]">&gt;&gt;</a>&nbsp;&nbsp;&nbsp;main
</UL>

<P><STRONG><a name="[5]"></a>HardFault_Handler</STRONG> (Thumb, 2 bytes, Stack size 0 bytes, stm32f10x_it.o(i.HardFault_Handler))
<BR><BR>[Calls]<UL><LI><a href="#[5]">&gt;&gt;</a>&nbsp;&nbsp;&nbsp;HardFault_Handler
</UL>
<BR>[Called By]<UL><LI><a href="#[5]">&gt;&gt;</a>&nbsp;&nbsp;&nbsp;HardFault_Handler
</UL>
<BR>[Address Reference Count : 1]<UL><LI> startup_stm32f10x_hd.o(RESET)
</UL>
<P><STRONG><a name="[95]"></a>JOYPAD_Init</STRONG> (Thumb, 80 bytes, Stack size 0 bytes, eie3810_joypad.o(i.JOYPAD_Init))
<BR><BR>[Called By]<UL><LI><a href="#[57]">&gt;&gt;</a>&nbsp;&nbsp;&nbsp;main
</UL>

<P><STRONG><a name="[85]"></a>JOYPAD_Read</STRONG> (Thumb, 106 bytes, Stack size 24 bytes, eie3810_joypad.o(i.JOYPAD_Read))
<BR><BR>[Stack]<UL><LI>Max Depth = 24<LI>Call Chain = JOYPAD_Read
</UL>
<BR>[Calls]<UL><LI><a href="#[65]">&gt;&gt;</a>&nbsp;&nbsp;&nbsp;Delay
</UL>
<BR>[Called By]<UL><LI><a href="#[2a]">&gt;&gt;</a>&nbsp;&nbsp;&nbsp;TIM3_IRQHandler
<LI><a href="#[9c]">&gt;&gt;</a>&nbsp;&nbsp;&nbsp;move_board
<LI><a href="#[86]">&gt;&gt;</a>&nbsp;&nbsp;&nbsp;check_pause
</UL>

<P><STRONG><a name="[88]"></a>LED0_on</STRONG> (Thumb, 12 bytes, Stack size 0 bytes, eie3810_led.o(i.LED0_on))
<BR><BR>[Called By]<UL><LI><a href="#[32]">&gt;&gt;</a>&nbsp;&nbsp;&nbsp;USART1_IRQHandler
</UL>

<P><STRONG><a name="[6]"></a>MemManage_Handler</STRONG> (Thumb, 2 bytes, Stack size 0 bytes, stm32f10x_it.o(i.MemManage_Handler))
<BR><BR>[Calls]<UL><LI><a href="#[6]">&gt;&gt;</a>&nbsp;&nbsp;&nbsp;MemManage_Handler
</UL>
<BR>[Called By]<UL><LI><a href="#[6]">&gt;&gt;</a>&nbsp;&nbsp;&nbsp;MemManage_Handler
</UL>
<BR>[Address Reference Count : 1]<UL><LI> startup_stm32f10x_hd.o(RESET)
</UL>
<P><STRONG><a name="[4]"></a>NMI_Handler</STRONG> (Thumb, 2 bytes, Stack size 0 bytes, stm32f10x_it.o(i.NMI_Handler))
<BR>[Address Reference Count : 1]<UL><LI> startup_stm32f10x_hd.o(RESET)
</UL>
<P><STRONG><a name="[b]"></a>PendSV_Handler</STRONG> (Thumb, 2 bytes, Stack size 0 bytes, stm32f10x_it.o(i.PendSV_Handler))
<BR>[Address Reference Count : 1]<UL><LI> startup_stm32f10x_hd.o(RESET)
</UL>
<P><STRONG><a name="[9]"></a>SVC_Handler</STRONG> (Thumb, 2 bytes, Stack size 0 bytes, stm32f10x_it.o(i.SVC_Handler))
<BR>[Address Reference Count : 1]<UL><LI> startup_stm32f10x_hd.o(RESET)
</UL>
<P><STRONG><a name="[c]"></a>SysTick_Handler</STRONG> (Thumb, 124 bytes, Stack size 0 bytes, stm32f10x_it.o(i.SysTick_Handler))
<BR><BR>[Stack]<UL><LI>Max Depth = 40<LI>Call Chain = SysTick_Handler &rArr; check_pause &rArr; JOYPAD_Read
</UL>
<BR>[Calls]<UL><LI><a href="#[86]">&gt;&gt;</a>&nbsp;&nbsp;&nbsp;check_pause
</UL>
<BR>[Address Reference Count : 1]<UL><LI> startup_stm32f10x_hd.o(RESET)
</UL>
<P><STRONG><a name="[49]"></a>SystemInit</STRONG> (Thumb, 64 bytes, Stack size 8 bytes, system_stm32f10x.o(i.SystemInit))
<BR><BR>[Stack]<UL><LI>Max Depth = 8<LI>Call Chain = SystemInit
</UL>
<BR>[Calls]<UL><LI><a href="#[87]">&gt;&gt;</a>&nbsp;&nbsp;&nbsp;SetSysClock
</UL>
<BR>[Address Reference Count : 1]<UL><LI> startup_stm32f10x_hd.o(.text)
</UL>
<P><STRONG><a name="[2a]"></a>TIM3_IRQHandler</STRONG> (Thumb, 532 bytes, Stack size 16 bytes, eie3810_timer.o(i.TIM3_IRQHandler))
<BR><BR>[Stack]<UL><LI>Max Depth = 44<LI>Call Chain = TIM3_IRQHandler &rArr; EIE3810_TFTLCD_clean &rArr; EIE3810_TFTLCD_FillRectangle
</UL>
<BR>[Calls]<UL><LI><a href="#[77]">&gt;&gt;</a>&nbsp;&nbsp;&nbsp;EIE3810_TFTLCD_clean
<LI><a href="#[73]">&gt;&gt;</a>&nbsp;&nbsp;&nbsp;EIE3810_TFTLCD_ShowChar
<LI><a href="#[85]">&gt;&gt;</a>&nbsp;&nbsp;&nbsp;JOYPAD_Read
</UL>
<BR>[Address Reference Count : 1]<UL><LI> startup_stm32f10x_hd.o(RESET)
</UL>
<P><STRONG><a name="[2b]"></a>TIM4_IRQHandler</STRONG> (Thumb, 28 bytes, Stack size 0 bytes, eie3810_timer.o(i.TIM4_IRQHandler))
<BR>[Address Reference Count : 1]<UL><LI> startup_stm32f10x_hd.o(RESET)
</UL>
<P><STRONG><a name="[32]"></a>USART1_IRQHandler</STRONG> (Thumb, 24 bytes, Stack size 0 bytes, eie3810_core.o(i.USART1_IRQHandler))
<BR><BR>[Calls]<UL><LI><a href="#[88]">&gt;&gt;</a>&nbsp;&nbsp;&nbsp;LED0_on
</UL>
<BR>[Called By]<UL><LI><a href="#[9a]">&gt;&gt;</a>&nbsp;&nbsp;&nbsp;set_direction
</UL>
<BR>[Address Reference Count : 1]<UL><LI> startup_stm32f10x_hd.o(RESET)
</UL>
<P><STRONG><a name="[8]"></a>UsageFault_Handler</STRONG> (Thumb, 2 bytes, Stack size 0 bytes, stm32f10x_it.o(i.UsageFault_Handler))
<BR><BR>[Calls]<UL><LI><a href="#[8]">&gt;&gt;</a>&nbsp;&nbsp;&nbsp;UsageFault_Handler
</UL>
<BR>[Called By]<UL><LI><a href="#[8]">&gt;&gt;</a>&nbsp;&nbsp;&nbsp;UsageFault_Handler
</UL>
<BR>[Address Reference Count : 1]<UL><LI> startup_stm32f10x_hd.o(RESET)
</UL>
<P><STRONG><a name="[86]"></a>check_pause</STRONG> (Thumb, 100 bytes, Stack size 16 bytes, eie3810_core.o(i.check_pause))
<BR><BR>[Stack]<UL><LI>Max Depth = 40<LI>Call Chain = check_pause &rArr; JOYPAD_Read
</UL>
<BR>[Calls]<UL><LI><a href="#[83]">&gt;&gt;</a>&nbsp;&nbsp;&nbsp;key_1_on
<LI><a href="#[85]">&gt;&gt;</a>&nbsp;&nbsp;&nbsp;JOYPAD_Read
</UL>
<BR>[Called By]<UL><LI><a href="#[c]">&gt;&gt;</a>&nbsp;&nbsp;&nbsp;SysTick_Handler
</UL>

<P><STRONG><a name="[a4]"></a>direction_lookup</STRONG> (Thumb, 96 bytes, Stack size 16 bytes, eie3810_core.o(i.direction_lookup))
<BR><BR>[Stack]<UL><LI>Max Depth = 16<LI>Call Chain = direction_lookup
</UL>
<BR>[Called By]<UL><LI><a href="#[9a]">&gt;&gt;</a>&nbsp;&nbsp;&nbsp;set_direction
</UL>

<P><STRONG><a name="[89]"></a>display_time</STRONG> (Thumb, 186 bytes, Stack size 40 bytes, eie3810_core.o(i.display_time))
<BR><BR>[Stack]<UL><LI>Max Depth = 108<LI>Call Chain = display_time &rArr; EIE3810_TFTLCD_ShowString &rArr; EIE3810_TFTLCD_ShowChar2412
</UL>
<BR>[Calls]<UL><LI><a href="#[73]">&gt;&gt;</a>&nbsp;&nbsp;&nbsp;EIE3810_TFTLCD_ShowChar
<LI><a href="#[75]">&gt;&gt;</a>&nbsp;&nbsp;&nbsp;EIE3810_TFTLCD_ShowString
</UL>
<BR>[Called By]<UL><LI><a href="#[57]">&gt;&gt;</a>&nbsp;&nbsp;&nbsp;main
</UL>

<P><STRONG><a name="[8a]"></a>draw_the_ball</STRONG> (Thumb, 20 bytes, Stack size 8 bytes, eie3810_core.o(i.draw_the_ball))
<BR><BR>[Stack]<UL><LI>Max Depth = 72<LI>Call Chain = draw_the_ball &rArr; EIE3810_TFTLCD_DrawCircle &rArr; EIE3810_TFTLCD_DrawDot
</UL>
<BR>[Calls]<UL><LI><a href="#[5f]">&gt;&gt;</a>&nbsp;&nbsp;&nbsp;EIE3810_TFTLCD_DrawCircle
</UL>
<BR>[Called By]<UL><LI><a href="#[9d]">&gt;&gt;</a>&nbsp;&nbsp;&nbsp;move_the_ball
</UL>

<P><STRONG><a name="[8b]"></a>draw_the_board_1</STRONG> (Thumb, 114 bytes, Stack size 24 bytes, eie3810_core.o(i.draw_the_board_1))
<BR><BR>[Stack]<UL><LI>Max Depth = 44<LI>Call Chain = draw_the_board_1 &rArr; EIE3810_TFTLCD_FillRectangle
</UL>
<BR>[Calls]<UL><LI><a href="#[63]">&gt;&gt;</a>&nbsp;&nbsp;&nbsp;EIE3810_TFTLCD_FillRectangle
</UL>
<BR>[Called By]<UL><LI><a href="#[57]">&gt;&gt;</a>&nbsp;&nbsp;&nbsp;main
<LI><a href="#[9d]">&gt;&gt;</a>&nbsp;&nbsp;&nbsp;move_the_ball
<LI><a href="#[a0]">&gt;&gt;</a>&nbsp;&nbsp;&nbsp;move_board_1
</UL>

<P><STRONG><a name="[8c]"></a>draw_the_board_2</STRONG> (Thumb, 114 bytes, Stack size 24 bytes, eie3810_core.o(i.draw_the_board_2))
<BR><BR>[Stack]<UL><LI>Max Depth = 44<LI>Call Chain = draw_the_board_2 &rArr; EIE3810_TFTLCD_FillRectangle
</UL>
<BR>[Calls]<UL><LI><a href="#[63]">&gt;&gt;</a>&nbsp;&nbsp;&nbsp;EIE3810_TFTLCD_FillRectangle
</UL>
<BR>[Called By]<UL><LI><a href="#[57]">&gt;&gt;</a>&nbsp;&nbsp;&nbsp;main
<LI><a href="#[9d]">&gt;&gt;</a>&nbsp;&nbsp;&nbsp;move_the_ball
<LI><a href="#[a1]">&gt;&gt;</a>&nbsp;&nbsp;&nbsp;move_board_2
</UL>

<P><STRONG><a name="[8d]"></a>hit_board_1</STRONG> (Thumb, 82 bytes, Stack size 16 bytes, eie3810_core.o(i.hit_board_1))
<BR><BR>[Stack]<UL><LI>Max Depth = 108<LI>Call Chain = hit_board_1 &rArr; show_bounce &rArr; EIE3810_TFTLCD_ShowString &rArr; EIE3810_TFTLCD_ShowChar2412
</UL>
<BR>[Calls]<UL><LI><a href="#[8f]">&gt;&gt;</a>&nbsp;&nbsp;&nbsp;makebuzzer
<LI><a href="#[8e]">&gt;&gt;</a>&nbsp;&nbsp;&nbsp;show_bounce
</UL>
<BR>[Called By]<UL><LI><a href="#[9d]">&gt;&gt;</a>&nbsp;&nbsp;&nbsp;move_the_ball
</UL>

<P><STRONG><a name="[90]"></a>hit_board_2</STRONG> (Thumb, 82 bytes, Stack size 16 bytes, eie3810_core.o(i.hit_board_2))
<BR><BR>[Stack]<UL><LI>Max Depth = 108<LI>Call Chain = hit_board_2 &rArr; show_bounce &rArr; EIE3810_TFTLCD_ShowString &rArr; EIE3810_TFTLCD_ShowChar2412
</UL>
<BR>[Calls]<UL><LI><a href="#[8f]">&gt;&gt;</a>&nbsp;&nbsp;&nbsp;makebuzzer
<LI><a href="#[8e]">&gt;&gt;</a>&nbsp;&nbsp;&nbsp;show_bounce
</UL>
<BR>[Called By]<UL><LI><a href="#[9d]">&gt;&gt;</a>&nbsp;&nbsp;&nbsp;move_the_ball
</UL>

<P><STRONG><a name="[91]"></a>hit_the_left</STRONG> (Thumb, 28 bytes, Stack size 8 bytes, eie3810_core.o(i.hit_the_left))
<BR><BR>[Stack]<UL><LI>Max Depth = 16<LI>Call Chain = hit_the_left &rArr; makebuzzer
</UL>
<BR>[Calls]<UL><LI><a href="#[8f]">&gt;&gt;</a>&nbsp;&nbsp;&nbsp;makebuzzer
</UL>
<BR>[Called By]<UL><LI><a href="#[9d]">&gt;&gt;</a>&nbsp;&nbsp;&nbsp;move_the_ball
</UL>

<P><STRONG><a name="[a3]"></a>hit_the_lower</STRONG> (Thumb, 30 bytes, Stack size 0 bytes, eie3810_core.o(i.hit_the_lower))
<BR><BR>[Called By]<UL><LI><a href="#[9d]">&gt;&gt;</a>&nbsp;&nbsp;&nbsp;move_the_ball
</UL>

<P><STRONG><a name="[92]"></a>hit_the_right</STRONG> (Thumb, 32 bytes, Stack size 8 bytes, eie3810_core.o(i.hit_the_right))
<BR><BR>[Stack]<UL><LI>Max Depth = 16<LI>Call Chain = hit_the_right &rArr; makebuzzer
</UL>
<BR>[Calls]<UL><LI><a href="#[8f]">&gt;&gt;</a>&nbsp;&nbsp;&nbsp;makebuzzer
</UL>
<BR>[Called By]<UL><LI><a href="#[9d]">&gt;&gt;</a>&nbsp;&nbsp;&nbsp;move_the_ball
</UL>

<P><STRONG><a name="[a2]"></a>hit_the_upper</STRONG> (Thumb, 26 bytes, Stack size 0 bytes, eie3810_core.o(i.hit_the_upper))
<BR><BR>[Called By]<UL><LI><a href="#[9d]">&gt;&gt;</a>&nbsp;&nbsp;&nbsp;move_the_ball
</UL>

<P><STRONG><a name="[81]"></a>key_0_on</STRONG> (Thumb, 16 bytes, Stack size 0 bytes, eie3810_key.o(i.key_0_on))
<BR><BR>[Called By]<UL><LI><a href="#[a0]">&gt;&gt;</a>&nbsp;&nbsp;&nbsp;move_board_1
<LI><a href="#[9c]">&gt;&gt;</a>&nbsp;&nbsp;&nbsp;move_board
<LI><a href="#[80]">&gt;&gt;</a>&nbsp;&nbsp;&nbsp;EIE3810_next_page
</UL>

<P><STRONG><a name="[83]"></a>key_1_on</STRONG> (Thumb, 16 bytes, Stack size 0 bytes, eie3810_key.o(i.key_1_on))
<BR><BR>[Called By]<UL><LI><a href="#[86]">&gt;&gt;</a>&nbsp;&nbsp;&nbsp;check_pause
<LI><a href="#[80]">&gt;&gt;</a>&nbsp;&nbsp;&nbsp;EIE3810_next_page
</UL>

<P><STRONG><a name="[9f]"></a>key_2_on</STRONG> (Thumb, 16 bytes, Stack size 0 bytes, eie3810_key.o(i.key_2_on))
<BR><BR>[Called By]<UL><LI><a href="#[a0]">&gt;&gt;</a>&nbsp;&nbsp;&nbsp;move_board_1
<LI><a href="#[9c]">&gt;&gt;</a>&nbsp;&nbsp;&nbsp;move_board
</UL>

<P><STRONG><a name="[82]"></a>key_up_on</STRONG> (Thumb, 16 bytes, Stack size 0 bytes, eie3810_key.o(i.key_up_on))
<BR><BR>[Called By]<UL><LI><a href="#[80]">&gt;&gt;</a>&nbsp;&nbsp;&nbsp;EIE3810_next_page
</UL>

<P><STRONG><a name="[57]"></a>main</STRONG> (Thumb, 264 bytes, Stack size 0 bytes, main.o(i.main))
<BR><BR>[Stack]<UL><LI>Max Depth = 140<LI>Call Chain = main &rArr; move_the_ball &rArr; hit_board_2 &rArr; show_bounce &rArr; EIE3810_TFTLCD_ShowString &rArr; EIE3810_TFTLCD_ShowChar2412
</UL>
<BR>[Calls]<UL><LI><a href="#[98]">&gt;&gt;</a>&nbsp;&nbsp;&nbsp;EIE3810_LED_Init
<LI><a href="#[93]">&gt;&gt;</a>&nbsp;&nbsp;&nbsp;EIE3810_clock_tree_init
<LI><a href="#[65]">&gt;&gt;</a>&nbsp;&nbsp;&nbsp;Delay
<LI><a href="#[77]">&gt;&gt;</a>&nbsp;&nbsp;&nbsp;EIE3810_TFTLCD_clean
<LI><a href="#[64]">&gt;&gt;</a>&nbsp;&nbsp;&nbsp;EIE3810_TFTLCD_Init
<LI><a href="#[94]">&gt;&gt;</a>&nbsp;&nbsp;&nbsp;EIE3810_NVIC_SetPriorityGroup
<LI><a href="#[99]">&gt;&gt;</a>&nbsp;&nbsp;&nbsp;EIE3810_Buzzer_Init
<LI><a href="#[96]">&gt;&gt;</a>&nbsp;&nbsp;&nbsp;EIE3810_SYSTICK_Init
<LI><a href="#[95]">&gt;&gt;</a>&nbsp;&nbsp;&nbsp;JOYPAD_Init
<LI><a href="#[97]">&gt;&gt;</a>&nbsp;&nbsp;&nbsp;EIE3810_KEY_Init
<LI><a href="#[8e]">&gt;&gt;</a>&nbsp;&nbsp;&nbsp;show_bounce
<LI><a href="#[9b]">&gt;&gt;</a>&nbsp;&nbsp;&nbsp;set_number
<LI><a href="#[9a]">&gt;&gt;</a>&nbsp;&nbsp;&nbsp;set_direction
<LI><a href="#[9e]">&gt;&gt;</a>&nbsp;&nbsp;&nbsp;print_end_screen
<LI><a href="#[9d]">&gt;&gt;</a>&nbsp;&nbsp;&nbsp;move_the_ball
<LI><a href="#[9c]">&gt;&gt;</a>&nbsp;&nbsp;&nbsp;move_board
<LI><a href="#[8c]">&gt;&gt;</a>&nbsp;&nbsp;&nbsp;draw_the_board_2
<LI><a href="#[8b]">&gt;&gt;</a>&nbsp;&nbsp;&nbsp;draw_the_board_1
<LI><a href="#[89]">&gt;&gt;</a>&nbsp;&nbsp;&nbsp;display_time
<LI><a href="#[84]">&gt;&gt;</a>&nbsp;&nbsp;&nbsp;EIE3810_third_page
<LI><a href="#[80]">&gt;&gt;</a>&nbsp;&nbsp;&nbsp;EIE3810_next_page
<LI><a href="#[76]">&gt;&gt;</a>&nbsp;&nbsp;&nbsp;EIE3810_TFTLCD_Welcome
</UL>
<BR>[Called By]<UL><LI><a href="#[56]">&gt;&gt;</a>&nbsp;&nbsp;&nbsp;__rt_entry_main
</UL>

<P><STRONG><a name="[8f]"></a>makebuzzer</STRONG> (Thumb, 24 bytes, Stack size 8 bytes, eie3810_buzzer.o(i.makebuzzer))
<BR><BR>[Stack]<UL><LI>Max Depth = 8<LI>Call Chain = makebuzzer
</UL>
<BR>[Calls]<UL><LI><a href="#[65]">&gt;&gt;</a>&nbsp;&nbsp;&nbsp;Delay
</UL>
<BR>[Called By]<UL><LI><a href="#[92]">&gt;&gt;</a>&nbsp;&nbsp;&nbsp;hit_the_right
<LI><a href="#[91]">&gt;&gt;</a>&nbsp;&nbsp;&nbsp;hit_the_left
<LI><a href="#[90]">&gt;&gt;</a>&nbsp;&nbsp;&nbsp;hit_board_2
<LI><a href="#[8d]">&gt;&gt;</a>&nbsp;&nbsp;&nbsp;hit_board_1
</UL>

<P><STRONG><a name="[9c]"></a>move_board</STRONG> (Thumb, 74 bytes, Stack size 8 bytes, eie3810_core.o(i.move_board))
<BR><BR>[Stack]<UL><LI>Max Depth = 76<LI>Call Chain = move_board &rArr; move_board_2 &rArr; draw_the_board_2 &rArr; EIE3810_TFTLCD_FillRectangle
</UL>
<BR>[Calls]<UL><LI><a href="#[9f]">&gt;&gt;</a>&nbsp;&nbsp;&nbsp;key_2_on
<LI><a href="#[81]">&gt;&gt;</a>&nbsp;&nbsp;&nbsp;key_0_on
<LI><a href="#[85]">&gt;&gt;</a>&nbsp;&nbsp;&nbsp;JOYPAD_Read
<LI><a href="#[a1]">&gt;&gt;</a>&nbsp;&nbsp;&nbsp;move_board_2
<LI><a href="#[a0]">&gt;&gt;</a>&nbsp;&nbsp;&nbsp;move_board_1
</UL>
<BR>[Called By]<UL><LI><a href="#[57]">&gt;&gt;</a>&nbsp;&nbsp;&nbsp;main
</UL>

<P><STRONG><a name="[a0]"></a>move_board_1</STRONG> (Thumb, 108 bytes, Stack size 24 bytes, eie3810_core.o(i.move_board_1))
<BR><BR>[Stack]<UL><LI>Max Depth = 68<LI>Call Chain = move_board_1 &rArr; draw_the_board_1 &rArr; EIE3810_TFTLCD_FillRectangle
</UL>
<BR>[Calls]<UL><LI><a href="#[9f]">&gt;&gt;</a>&nbsp;&nbsp;&nbsp;key_2_on
<LI><a href="#[81]">&gt;&gt;</a>&nbsp;&nbsp;&nbsp;key_0_on
<LI><a href="#[8b]">&gt;&gt;</a>&nbsp;&nbsp;&nbsp;draw_the_board_1
</UL>
<BR>[Called By]<UL><LI><a href="#[9c]">&gt;&gt;</a>&nbsp;&nbsp;&nbsp;move_board
</UL>

<P><STRONG><a name="[a1]"></a>move_board_2</STRONG> (Thumb, 80 bytes, Stack size 24 bytes, eie3810_core.o(i.move_board_2))
<BR><BR>[Stack]<UL><LI>Max Depth = 68<LI>Call Chain = move_board_2 &rArr; draw_the_board_2 &rArr; EIE3810_TFTLCD_FillRectangle
</UL>
<BR>[Calls]<UL><LI><a href="#[8c]">&gt;&gt;</a>&nbsp;&nbsp;&nbsp;draw_the_board_2
</UL>
<BR>[Called By]<UL><LI><a href="#[9c]">&gt;&gt;</a>&nbsp;&nbsp;&nbsp;move_board
</UL>

<P><STRONG><a name="[9d]"></a>move_the_ball</STRONG> (Thumb, 180 bytes, Stack size 32 bytes, eie3810_core.o(i.move_the_ball))
<BR><BR>[Stack]<UL><LI>Max Depth = 140<LI>Call Chain = move_the_ball &rArr; hit_board_2 &rArr; show_bounce &rArr; EIE3810_TFTLCD_ShowString &rArr; EIE3810_TFTLCD_ShowChar2412
</UL>
<BR>[Calls]<UL><LI><a href="#[5f]">&gt;&gt;</a>&nbsp;&nbsp;&nbsp;EIE3810_TFTLCD_DrawCircle
<LI><a href="#[a2]">&gt;&gt;</a>&nbsp;&nbsp;&nbsp;hit_the_upper
<LI><a href="#[92]">&gt;&gt;</a>&nbsp;&nbsp;&nbsp;hit_the_right
<LI><a href="#[a3]">&gt;&gt;</a>&nbsp;&nbsp;&nbsp;hit_the_lower
<LI><a href="#[91]">&gt;&gt;</a>&nbsp;&nbsp;&nbsp;hit_the_left
<LI><a href="#[90]">&gt;&gt;</a>&nbsp;&nbsp;&nbsp;hit_board_2
<LI><a href="#[8d]">&gt;&gt;</a>&nbsp;&nbsp;&nbsp;hit_board_1
<LI><a href="#[8c]">&gt;&gt;</a>&nbsp;&nbsp;&nbsp;draw_the_board_2
<LI><a href="#[8b]">&gt;&gt;</a>&nbsp;&nbsp;&nbsp;draw_the_board_1
<LI><a href="#[8a]">&gt;&gt;</a>&nbsp;&nbsp;&nbsp;draw_the_ball
</UL>
<BR>[Called By]<UL><LI><a href="#[57]">&gt;&gt;</a>&nbsp;&nbsp;&nbsp;main
</UL>

<P><STRONG><a name="[9e]"></a>print_end_screen</STRONG> (Thumb, 118 bytes, Stack size 32 bytes, eie3810_core.o(i.print_end_screen))
<BR><BR>[Stack]<UL><LI>Max Depth = 100<LI>Call Chain = print_end_screen &rArr; EIE3810_TFTLCD_ShowString &rArr; EIE3810_TFTLCD_ShowChar2412
</UL>
<BR>[Calls]<UL><LI><a href="#[65]">&gt;&gt;</a>&nbsp;&nbsp;&nbsp;Delay
<LI><a href="#[77]">&gt;&gt;</a>&nbsp;&nbsp;&nbsp;EIE3810_TFTLCD_clean
<LI><a href="#[74]">&gt;&gt;</a>&nbsp;&nbsp;&nbsp;EIE3810_TFTLCD_ShowChar2412
<LI><a href="#[75]">&gt;&gt;</a>&nbsp;&nbsp;&nbsp;EIE3810_TFTLCD_ShowString
</UL>
<BR>[Called By]<UL><LI><a href="#[57]">&gt;&gt;</a>&nbsp;&nbsp;&nbsp;main
</UL>

<P><STRONG><a name="[9a]"></a>set_direction</STRONG> (Thumb, 96 bytes, Stack size 32 bytes, eie3810_core.o(i.set_direction))
<BR><BR>[Stack]<UL><LI>Max Depth = 100<LI>Call Chain = set_direction &rArr; EIE3810_TFTLCD_ShowString &rArr; EIE3810_TFTLCD_ShowChar2412
</UL>
<BR>[Calls]<UL><LI><a href="#[7a]">&gt;&gt;</a>&nbsp;&nbsp;&nbsp;EIE3810_USART1_init
<LI><a href="#[65]">&gt;&gt;</a>&nbsp;&nbsp;&nbsp;Delay
<LI><a href="#[77]">&gt;&gt;</a>&nbsp;&nbsp;&nbsp;EIE3810_TFTLCD_clean
<LI><a href="#[73]">&gt;&gt;</a>&nbsp;&nbsp;&nbsp;EIE3810_TFTLCD_ShowChar
<LI><a href="#[a4]">&gt;&gt;</a>&nbsp;&nbsp;&nbsp;direction_lookup
<LI><a href="#[32]">&gt;&gt;</a>&nbsp;&nbsp;&nbsp;USART1_IRQHandler
<LI><a href="#[75]">&gt;&gt;</a>&nbsp;&nbsp;&nbsp;EIE3810_TFTLCD_ShowString
</UL>
<BR>[Called By]<UL><LI><a href="#[57]">&gt;&gt;</a>&nbsp;&nbsp;&nbsp;main
</UL>

<P><STRONG><a name="[9b]"></a>set_number</STRONG> (Thumb, 118 bytes, Stack size 16 bytes, eie3810_core.o(i.set_number))
<BR><BR>[Stack]<UL><LI>Max Depth = 88<LI>Call Chain = set_number &rArr; EIE3810_TFTLCD_SevenSegment &rArr; EIE3810_TFTLCD_rect_8 &rArr; EIE3810_TFTLCD_rect_y &rArr; EIE3810_TFTLCD_FillRectangle
</UL>
<BR>[Calls]<UL><LI><a href="#[65]">&gt;&gt;</a>&nbsp;&nbsp;&nbsp;Delay
<LI><a href="#[77]">&gt;&gt;</a>&nbsp;&nbsp;&nbsp;EIE3810_TFTLCD_clean
<LI><a href="#[68]">&gt;&gt;</a>&nbsp;&nbsp;&nbsp;EIE3810_TFTLCD_SevenSegment
</UL>
<BR>[Called By]<UL><LI><a href="#[57]">&gt;&gt;</a>&nbsp;&nbsp;&nbsp;main
</UL>

<P><STRONG><a name="[8e]"></a>show_bounce</STRONG> (Thumb, 82 bytes, Stack size 24 bytes, eie3810_core.o(i.show_bounce))
<BR><BR>[Stack]<UL><LI>Max Depth = 92<LI>Call Chain = show_bounce &rArr; EIE3810_TFTLCD_ShowString &rArr; EIE3810_TFTLCD_ShowChar2412
</UL>
<BR>[Calls]<UL><LI><a href="#[73]">&gt;&gt;</a>&nbsp;&nbsp;&nbsp;EIE3810_TFTLCD_ShowChar
<LI><a href="#[75]">&gt;&gt;</a>&nbsp;&nbsp;&nbsp;EIE3810_TFTLCD_ShowString
</UL>
<BR>[Called By]<UL><LI><a href="#[57]">&gt;&gt;</a>&nbsp;&nbsp;&nbsp;main
<LI><a href="#[90]">&gt;&gt;</a>&nbsp;&nbsp;&nbsp;hit_board_2
<LI><a href="#[8d]">&gt;&gt;</a>&nbsp;&nbsp;&nbsp;hit_board_1
</UL>

<P><STRONG><a name="[dc]"></a>__aeabi_fadd</STRONG> (Thumb, 0 bytes, Stack size 16 bytes, faddsub_clz.o(x$fpl$fadd), UNUSED)

<P><STRONG><a name="[a5]"></a>_fadd</STRONG> (Thumb, 196 bytes, Stack size 16 bytes, faddsub_clz.o(x$fpl$fadd), UNUSED)
<BR><BR>[Calls]<UL><LI><a href="#[a7]">&gt;&gt;</a>&nbsp;&nbsp;&nbsp;__fpl_fretinf
<LI><a href="#[a8]">&gt;&gt;</a>&nbsp;&nbsp;&nbsp;__fpl_fnaninf
<LI><a href="#[a6]">&gt;&gt;</a>&nbsp;&nbsp;&nbsp;_fsub1
</UL>

<P><STRONG><a name="[a9]"></a>__fpl_fcheck_NaN1</STRONG> (Thumb, 6 bytes, Stack size 0 bytes, fcheck1.o(x$fpl$fcheck1))
<BR><BR>[Calls]<UL><LI><a href="#[aa]">&gt;&gt;</a>&nbsp;&nbsp;&nbsp;__fpl_return_NaN
</UL>
<BR>[Called By]<UL><LI><a href="#[7f]">&gt;&gt;</a>&nbsp;&nbsp;&nbsp;__ARM_scalbnf
</UL>

<P><STRONG><a name="[7c]"></a>__aeabi_fdiv</STRONG> (Thumb, 0 bytes, Stack size 16 bytes, fdiv.o(x$fpl$fdiv))
<BR><BR>[Stack]<UL><LI>Max Depth = 16<LI>Call Chain = __aeabi_fdiv
</UL>
<BR>[Called By]<UL><LI><a href="#[7a]">&gt;&gt;</a>&nbsp;&nbsp;&nbsp;EIE3810_USART1_init
</UL>

<P><STRONG><a name="[ab]"></a>_fdiv</STRONG> (Thumb, 384 bytes, Stack size 16 bytes, fdiv.o(x$fpl$fdiv), UNUSED)
<BR><BR>[Calls]<UL><LI><a href="#[a7]">&gt;&gt;</a>&nbsp;&nbsp;&nbsp;__fpl_fretinf
<LI><a href="#[a8]">&gt;&gt;</a>&nbsp;&nbsp;&nbsp;__fpl_fnaninf
</UL>

<P><STRONG><a name="[7d]"></a>__aeabi_f2uiz</STRONG> (Thumb, 0 bytes, Stack size 16 bytes, ffixu.o(x$fpl$ffixu))
<BR><BR>[Stack]<UL><LI>Max Depth = 16<LI>Call Chain = __aeabi_f2uiz
</UL>
<BR>[Called By]<UL><LI><a href="#[7a]">&gt;&gt;</a>&nbsp;&nbsp;&nbsp;EIE3810_USART1_init
</UL>

<P><STRONG><a name="[ac]"></a>_ffixu</STRONG> (Thumb, 62 bytes, Stack size 16 bytes, ffixu.o(x$fpl$ffixu), UNUSED)
<BR><BR>[Calls]<UL><LI><a href="#[a8]">&gt;&gt;</a>&nbsp;&nbsp;&nbsp;__fpl_fnaninf
</UL>

<P><STRONG><a name="[7b]"></a>__aeabi_ui2f</STRONG> (Thumb, 0 bytes, Stack size 0 bytes, fflt_clz.o(x$fpl$ffltu))
<BR><BR>[Called By]<UL><LI><a href="#[7a]">&gt;&gt;</a>&nbsp;&nbsp;&nbsp;EIE3810_USART1_init
</UL>

<P><STRONG><a name="[dd]"></a>_ffltu</STRONG> (Thumb, 38 bytes, Stack size 0 bytes, fflt_clz.o(x$fpl$ffltu), UNUSED)

<P><STRONG><a name="[a8]"></a>__fpl_fnaninf</STRONG> (Thumb, 140 bytes, Stack size 8 bytes, fnaninf.o(x$fpl$fnaninf), UNUSED)
<BR><BR>[Called By]<UL><LI><a href="#[ac]">&gt;&gt;</a>&nbsp;&nbsp;&nbsp;_ffixu
<LI><a href="#[ab]">&gt;&gt;</a>&nbsp;&nbsp;&nbsp;_fdiv
<LI><a href="#[af]">&gt;&gt;</a>&nbsp;&nbsp;&nbsp;_fsub
<LI><a href="#[a5]">&gt;&gt;</a>&nbsp;&nbsp;&nbsp;_fadd
</UL>

<P><STRONG><a name="[a7]"></a>__fpl_fretinf</STRONG> (Thumb, 10 bytes, Stack size 0 bytes, fretinf.o(x$fpl$fretinf), UNUSED)
<BR><BR>[Called By]<UL><LI><a href="#[ab]">&gt;&gt;</a>&nbsp;&nbsp;&nbsp;_fdiv
<LI><a href="#[a5]">&gt;&gt;</a>&nbsp;&nbsp;&nbsp;_fadd
</UL>

<P><STRONG><a name="[7e]"></a>__aeabi_frsub</STRONG> (Thumb, 0 bytes, Stack size 0 bytes, faddsub_clz.o(x$fpl$frsb))
<BR><BR>[Called By]<UL><LI><a href="#[7a]">&gt;&gt;</a>&nbsp;&nbsp;&nbsp;EIE3810_USART1_init
</UL>

<P><STRONG><a name="[ad]"></a>_frsb</STRONG> (Thumb, 20 bytes, Stack size 0 bytes, faddsub_clz.o(x$fpl$frsb), UNUSED)
<BR><BR>[Calls]<UL><LI><a href="#[a6]">&gt;&gt;</a>&nbsp;&nbsp;&nbsp;_fsub1
<LI><a href="#[ae]">&gt;&gt;</a>&nbsp;&nbsp;&nbsp;_fadd1
</UL>

<P><STRONG><a name="[de]"></a>__aeabi_fsub</STRONG> (Thumb, 0 bytes, Stack size 16 bytes, faddsub_clz.o(x$fpl$fsub), UNUSED)

<P><STRONG><a name="[af]"></a>_fsub</STRONG> (Thumb, 234 bytes, Stack size 16 bytes, faddsub_clz.o(x$fpl$fsub), UNUSED)
<BR><BR>[Calls]<UL><LI><a href="#[a8]">&gt;&gt;</a>&nbsp;&nbsp;&nbsp;__fpl_fnaninf
<LI><a href="#[ae]">&gt;&gt;</a>&nbsp;&nbsp;&nbsp;_fadd1
</UL>

<P><STRONG><a name="[aa]"></a>__fpl_return_NaN</STRONG> (Thumb, 100 bytes, Stack size 0 bytes, retnan.o(x$fpl$retnan))
<BR><BR>[Calls]<UL><LI><a href="#[b0]">&gt;&gt;</a>&nbsp;&nbsp;&nbsp;__fpl_cmpreturn
</UL>
<BR>[Called By]<UL><LI><a href="#[a9]">&gt;&gt;</a>&nbsp;&nbsp;&nbsp;__fpl_fcheck_NaN1
</UL>

<P><STRONG><a name="[7f]"></a>__ARM_scalbnf</STRONG> (Thumb, 76 bytes, Stack size 0 bytes, scalbnf.o(x$fpl$scalbnf))
<BR><BR>[Calls]<UL><LI><a href="#[a9]">&gt;&gt;</a>&nbsp;&nbsp;&nbsp;__fpl_fcheck_NaN1
</UL>
<BR>[Called By]<UL><LI><a href="#[7a]">&gt;&gt;</a>&nbsp;&nbsp;&nbsp;EIE3810_USART1_init
</UL>

<P><STRONG><a name="[b0]"></a>__fpl_cmpreturn</STRONG> (Thumb, 48 bytes, Stack size 0 bytes, trapv.o(x$fpl$trapveneer))
<BR><BR>[Called By]<UL><LI><a href="#[aa]">&gt;&gt;</a>&nbsp;&nbsp;&nbsp;__fpl_return_NaN
</UL>
<P>
<H3>
Local Symbols
</H3>
<P><STRONG><a name="[87]"></a>SetSysClock</STRONG> (Thumb, 4 bytes, Stack size 0 bytes, system_stm32f10x.o(i.SetSysClock))
<BR><BR>[Called By]<UL><LI><a href="#[49]">&gt;&gt;</a>&nbsp;&nbsp;&nbsp;SystemInit
</UL>

<P><STRONG><a name="[ae]"></a>_fadd1</STRONG> (Thumb, 0 bytes, Stack size unknown bytes, faddsub_clz.o(x$fpl$fadd), UNUSED)
<BR><BR>[Called By]<UL><LI><a href="#[af]">&gt;&gt;</a>&nbsp;&nbsp;&nbsp;_fsub
<LI><a href="#[ad]">&gt;&gt;</a>&nbsp;&nbsp;&nbsp;_frsb
</UL>

<P><STRONG><a name="[a6]"></a>_fsub1</STRONG> (Thumb, 0 bytes, Stack size unknown bytes, faddsub_clz.o(x$fpl$fsub), UNUSED)
<BR><BR>[Called By]<UL><LI><a href="#[ad]">&gt;&gt;</a>&nbsp;&nbsp;&nbsp;_frsb
<LI><a href="#[a5]">&gt;&gt;</a>&nbsp;&nbsp;&nbsp;_fadd
</UL>
<P>
<H3>
Undefined Global Symbols
</H3><HR></body></html>
